<html>
<body>
<pre>
<h1>µVision Build Log</h1>
<h2>Tool Versions:</h2>
IDE-Version: ¦ÌVision V5.23.0.0
Copyright (C) 2017 ARM Ltd and ARM Germany GmbH. All rights reserved.
License Information:  ,  , LIC=MPPLD-8Q8RV-8TC3P-M8QZ0-ELB2R-Q5CX7
 
Tool Versions:
Toolchain:       MDK-ARM Plus  Version: 5.23
Toolchain Path:  D:\Keil_v523\ARM\ARMCC\Bin
C Compiler:      Armcc.exe V5.06 update 4 (build 422)
Assembler:       Armasm.exe V5.06 update 4 (build 422)
Linker/Locator:  ArmLink.exe V5.06 update 4 (build 422)
Library Manager: ArmAr.exe V5.06 update 4 (build 422)
Hex Converter:   FromElf.exe V5.06 update 4 (build 422)
CPU DLL:         SARMCM3.DLL V5.23
Dialog DLL:      DCM.DLL V1.15.0.0
Target DLL:      CMSIS_AGDI.dll V1.27.5.0
Dialog DLL:      TCM.DLL V1.27.0.0
 
<h2>Project:</h2>
D:\Desktop\25RAICOM\MDK-ARM\standard_robot.uvprojx
Project File Date:  06/02/2025

<h2>Output:</h2>
*** Using Compiler 'V5.06 update 4 (build 422)', folder: 'D:\Keil_v523\ARM\ARMCC\Bin'
Build target 'standard_robot'
compiling referee_usart_task.c...
..\application\referee_usart_task.c(221): warning:  #177-D: function "referee_unpack_fifo_data"  was declared but never referenced
  void referee_unpack_fifo_data(void)
..\application\referee_usart_task.c(57): warning:  #177-D: variable "Clien_character"  was declared but never referenced
  static uint8_t Clien_character[60];
..\application\referee_usart_task.c: 2 warnings, 0 errors
linking...
Program Size: Code=88732 RO-data=11524 RW-data=1152 ZI-data=59520  
FromELF: creating hex file...
".\standard_tpye_c\standard_tpye_c.axf" - 0 Error(s), 2 Warning(s).

<h2>Software Packages used:</h2>

Package Vendor: ARM
                http://www.keil.com/pack/ARM.CMSIS.5.0.1.pack
                ARM::CMSIS:CORE:5.0.1
                CMSIS (Cortex Microcontroller Software Interface Standard)
   * Component: CORE Version: 5.0.1

<h2>Collection of Component include folders:</h2>
  .\RTE\_standard_robot
  D:\Keil_v523\ARM\PACK\ARM\CMSIS\5.0.1\CMSIS\Include
  D:\Keil_v523\ARM\PACK\Keil\STM32F4xx_DFP\2.17.1\Drivers\CMSIS\Device\ST\STM32F4xx\Include

<h2>Collection of Component Files used:</h2>

   * Component: ARM::CMSIS:CORE:5.0.1
Build Time Elapsed:  00:00:03
</pre>
</body>
</html>
