Component: ARM Compiler 5.06 update 4 (build 422) Tool: armlink [4d35d2]

==============================================================================

Section Cross References

    startup_stm32f407xx.o(STACK) refers (Special) to heapauxi.o(.text) for __use_two_region_memory
    startup_stm32f407xx.o(HEAP) refers (Special) to heapauxi.o(.text) for __use_two_region_memory
    startup_stm32f407xx.o(RESET) refers (Special) to heapauxi.o(.text) for __use_two_region_memory
    startup_stm32f407xx.o(RESET) refers to startup_stm32f407xx.o(STACK) for __initial_sp
    startup_stm32f407xx.o(RESET) refers to startup_stm32f407xx.o(.text) for Reset_Handler
    startup_stm32f407xx.o(RESET) refers to stm32f4xx_it.o(i.NMI_Handler) for NMI_Handler
    startup_stm32f407xx.o(RESET) refers to stm32f4xx_it.o(i.HardFault_Handler) for HardFault_Handler
    startup_stm32f407xx.o(RESET) refers to stm32f4xx_it.o(i.MemManage_Handler) for MemManage_Handler
    startup_stm32f407xx.o(RESET) refers to stm32f4xx_it.o(i.BusFault_Handler) for BusFault_Handler
    startup_stm32f407xx.o(RESET) refers to stm32f4xx_it.o(i.UsageFault_Handler) for UsageFault_Handler
    startup_stm32f407xx.o(RESET) refers to port.o(.emb_text) for SVC_Handler
    startup_stm32f407xx.o(RESET) refers to stm32f4xx_it.o(i.DebugMon_Handler) for DebugMon_Handler
    startup_stm32f407xx.o(RESET) refers to port.o(i.SysTick_Handler) for SysTick_Handler
    startup_stm32f407xx.o(RESET) refers to stm32f4xx_it.o(i.EXTI0_IRQHandler) for EXTI0_IRQHandler
    startup_stm32f407xx.o(RESET) refers to stm32f4xx_it.o(i.EXTI3_IRQHandler) for EXTI3_IRQHandler
    startup_stm32f407xx.o(RESET) refers to stm32f4xx_it.o(i.EXTI4_IRQHandler) for EXTI4_IRQHandler
    startup_stm32f407xx.o(RESET) refers to stm32f4xx_it.o(i.CAN1_RX0_IRQHandler) for CAN1_RX0_IRQHandler
    startup_stm32f407xx.o(RESET) refers to stm32f4xx_it.o(i.EXTI9_5_IRQHandler) for EXTI9_5_IRQHandler
    startup_stm32f407xx.o(RESET) refers to stm32f4xx_it.o(i.USART1_IRQHandler) for USART1_IRQHandler
    startup_stm32f407xx.o(RESET) refers to remote_control.o(i.USART3_IRQHandler) for USART3_IRQHandler
    startup_stm32f407xx.o(RESET) refers to stm32f4xx_it.o(i.TIM6_DAC_IRQHandler) for TIM6_DAC_IRQHandler
    startup_stm32f407xx.o(RESET) refers to stm32f4xx_it.o(i.DMA2_Stream1_IRQHandler) for DMA2_Stream1_IRQHandler
    startup_stm32f407xx.o(RESET) refers to ins_task.o(i.DMA2_Stream2_IRQHandler) for DMA2_Stream2_IRQHandler
    startup_stm32f407xx.o(RESET) refers to stm32f4xx_it.o(i.CAN2_RX0_IRQHandler) for CAN2_RX0_IRQHandler
    startup_stm32f407xx.o(RESET) refers to stm32f4xx_it.o(i.OTG_FS_IRQHandler) for OTG_FS_IRQHandler
    startup_stm32f407xx.o(RESET) refers to stm32f4xx_it.o(i.DMA2_Stream6_IRQHandler) for DMA2_Stream6_IRQHandler
    startup_stm32f407xx.o(RESET) refers to stm32f4xx_it.o(i.DMA2_Stream7_IRQHandler) for DMA2_Stream7_IRQHandler
    startup_stm32f407xx.o(RESET) refers to referee_usart_task.o(i.USART6_IRQHandler) for USART6_IRQHandler
    startup_stm32f407xx.o(.text) refers (Special) to heapauxi.o(.text) for __use_two_region_memory
    startup_stm32f407xx.o(.text) refers to system_stm32f4xx.o(i.SystemInit) for SystemInit
    startup_stm32f407xx.o(.text) refers to __main.o(!!!main) for __main
    startup_stm32f407xx.o(.text) refers to startup_stm32f407xx.o(HEAP) for Heap_Mem
    startup_stm32f407xx.o(.text) refers to startup_stm32f407xx.o(STACK) for Stack_Mem
    main.o(i.HAL_TIM_PeriodElapsedCallback) refers to stm32f4xx_hal.o(i.HAL_IncTick) for HAL_IncTick
    main.o(i.SystemClock_Config) refers to rt_memclr_w.o(.text) for __aeabi_memclr4
    main.o(i.SystemClock_Config) refers to stm32f4xx_hal_rcc.o(i.HAL_RCC_OscConfig) for HAL_RCC_OscConfig
    main.o(i.SystemClock_Config) refers to main.o(i.Error_Handler) for Error_Handler
    main.o(i.SystemClock_Config) refers to stm32f4xx_hal_rcc.o(i.HAL_RCC_ClockConfig) for HAL_RCC_ClockConfig
    main.o(i.main) refers to stm32f4xx_hal.o(i.HAL_Init) for HAL_Init
    main.o(i.main) refers to main.o(i.SystemClock_Config) for SystemClock_Config
    main.o(i.main) refers to gpio.o(i.MX_GPIO_Init) for MX_GPIO_Init
    main.o(i.main) refers to dma.o(i.MX_DMA_Init) for MX_DMA_Init
    main.o(i.main) refers to adc.o(i.MX_ADC1_Init) for MX_ADC1_Init
    main.o(i.main) refers to adc.o(i.MX_ADC3_Init) for MX_ADC3_Init
    main.o(i.main) refers to can.o(i.MX_CAN1_Init) for MX_CAN1_Init
    main.o(i.main) refers to can.o(i.MX_CAN2_Init) for MX_CAN2_Init
    main.o(i.main) refers to i2c.o(i.MX_I2C1_Init) for MX_I2C1_Init
    main.o(i.main) refers to spi.o(i.MX_SPI1_Init) for MX_SPI1_Init
    main.o(i.main) refers to tim.o(i.MX_TIM4_Init) for MX_TIM4_Init
    main.o(i.main) refers to tim.o(i.MX_TIM5_Init) for MX_TIM5_Init
    main.o(i.main) refers to usart.o(i.MX_USART3_UART_Init) for MX_USART3_UART_Init
    main.o(i.main) refers to tim.o(i.MX_TIM8_Init) for MX_TIM8_Init
    main.o(i.main) refers to crc.o(i.MX_CRC_Init) for MX_CRC_Init
[...]
    xQueueRegistry                           0x20004a5c   Data          64  queue.o(.bss)
    __libspace_start                         0x2000ac9c   Data          96  libspace.o(.bss)
    __temporary_stack_top$libspace           0x2000acfc   Data           0  libspace.o(.bss)



==============================================================================

Memory Map of the image

  Image Entry point : 0x08000189

  Load Region LR_IROM1 (Base: 0x08000000, Size: 0x00018c20, Max: 0x00100000, ABSOLUTE, COMPRESSED[0x00018920])

    Execution Region ER_IROM1 (Base: 0x08000000, Size: 0x000187a0, Max: 0x00100000, ABSOLUTE)

    Base Addr    Size         Type   Attr      Idx    E Section Name        Object

    0x08000000   0x00000188   Data   RO            3    RESET               startup_stm32f407xx.o
    0x08000188   0x00000008   Code   RO        12836  * !!!main             c_w.l(__main.o)
    0x08000190   0x00000034   Code   RO        13419    !!!scatter          c_w.l(__scatter.o)
    0x080001c4   0x0000005a   Code   RO        13417    !!dczerorl2         c_w.l(__dczerorl2.o)
    0x0800021e   0x00000002   PAD
    0x08000220   0x0000001c   Code   RO        13421    !!handler_zi        c_w.l(__scatter_zi.o)
    0x0800023c   0x00000000   Code   RO        12819    .ARM.Collect$$_printf_percent$$00000000  c_w.l(_printf_percent.o)
    0x0800023c   0x00000006   Code   RO        13020    .ARM.Collect$$_printf_percent$$00000001  c_w.l(_printf_n.o)
    0x08000242   0x00000006   Code   RO        13022    .ARM.Collect$$_printf_percent$$00000002  c_w.l(_printf_p.o)
    0x08000248   0x00000006   Code   RO        12818    .ARM.Collect$$_printf_percent$$00000003  c_w.l(_printf_f.o)
    0x0800024e   0x00000006   Code   RO        13027    .ARM.Collect$$_printf_percent$$00000004  c_w.l(_printf_e.o)
    0x08000254   0x00000006   Code   RO        13028    .ARM.Collect$$_printf_percent$$00000005  c_w.l(_printf_g.o)
    0x0800025a   0x00000006   Code   RO        13029    .ARM.Collect$$_printf_percent$$00000006  c_w.l(_printf_a.o)
    0x08000260   0x0000000a   Code   RO        13034    .ARM.Collect$$_printf_percent$$00000007  c_w.l(_printf_ll.o)
    0x0800026a   0x00000006   Code   RO        13024    .ARM.Collect$$_printf_percent$$00000008  c_w.l(_printf_i.o)
    0x08000270   0x00000006   Code   RO        13025    .ARM.Collect$$_printf_percent$$00000009  c_w.l(_printf_d.o)
    0x08000276   0x00000006   Code   RO        13026    .ARM.Collect$$_printf_percent$$0000000A  c_w.l(_printf_u.o)
    0x0800027c   0x00000006   Code   RO        13023    .ARM.Collect$$_printf_percent$$0000000B  c_w.l(_printf_o.o)
    0x08000282   0x00000006   Code   RO        13021    .ARM.Collect$$_printf_percent$$0000000C  c_w.l(_printf_x.o)
    0x08000288   0x00000006   Code   RO        13031    .ARM.Collect$$_printf_percent$$0000000D  c_w.l(_printf_lli.o)
    0x0800028e   0x00000006   Code   RO        13032    .ARM.Collect$$_printf_percent$$0000000E  c_w.l(_printf_lld.o)
    0x08000294   0x00000006   Code   RO        13033    .ARM.Collect$$_printf_percent$$0000000F  c_w.l(_printf_llu.o)
    0x0800029a   0x00000006   Code   RO        13038    .ARM.Collect$$_printf_percent$$00000010  c_w.l(_printf_llo.o)
    0x080002a0   0x00000006   Code   RO        13039    .ARM.Collect$$_printf_percent$$00000011  c_w.l(_printf_llx.o)
    0x080002a6   0x0000000a   Code   RO        13035    .ARM.Collect$$_printf_percent$$00000012  c_w.l(_printf_l.o)
    0x080002b0   0x00000006   Code   RO        13018    .ARM.Collect$$_printf_percent$$00000013  c_w.l(_printf_c.o)
    0x080002b6   0x00000006   Code   RO        13019    .ARM.Collect$$_printf_percent$$00000014  c_w.l(_printf_s.o)
    0x080002bc   0x00000006   Code   RO        13036    .ARM.Collect$$_printf_percent$$00000015  c_w.l(_printf_lc.o)
    0x080002c2   0x00000006   Code   RO        13037    .ARM.Collect$$_printf_percent$$00000016  c_w.l(_printf_ls.o)
    0x080002c8   0x00000004   Code   RO        13030    .ARM.Collect$$_printf_percent$$00000017  c_w.l(_printf_percent_end.o)
    0x080002cc   0x00000002   Code   RO        13279    .ARM.Collect$$libinit$$00000000  c_w.l(libinit.o)
    0x080002ce   0x00000004   Code   RO        13044    .ARM.Collect$$libinit$$00000001  c_w.l(libinit2.o)
    0x080002d2   0x00000000   Code   RO        13047    .ARM.Collect$$libinit$$00000004  c_w.l(libinit2.o)
    0x080002d2   0x00000000   Code   RO        13050    .ARM.Collect$$libinit$$0000000A  c_w.l(libinit2.o)
    0x080002d2   0x00000000   Code   RO        13052    .ARM.Collect$$libinit$$0000000C  c_w.l(libinit2.o)
    0x080002d2   0x00000000   Code   RO        13054    .ARM.Collect$$libinit$$0000000E  c_w.l(libinit2.o)
    0x080002d2   0x00000006   Code   RO        13055    .ARM.Collect$$libinit$$0000000F  c_w.l(libinit2.o)
    0x080002d8   0x00000000   Code   RO        13057    .ARM.Collect$$libinit$$00000011  c_w.l(libinit2.o)
    0x080002d8   0x0000000c   Code   RO        13058    .ARM.Collect$$libinit$$00000012  c_w.l(libinit2.o)
    0x080002e4   0x00000000   Code   RO        13059    .ARM.Collect$$libinit$$00000013  c_w.l(libinit2.o)
    0x080002e4   0x00000000   Code   RO        13061    .ARM.Collect$$libinit$$00000015  c_w.l(libinit2.o)
    0x080002e4   0x0000000a   Code   RO        13062    .ARM.Collect$$libinit$$00000016  c_w.l(libinit2.o)
    0x080002ee   0x00000000   Code   RO        13063    .ARM.Collect$$libinit$$00000017  c_w.l(libinit2.o)
    0x080002ee   0x00000000   Code   RO        13065    .ARM.Collect$$libinit$$00000019  c_w.l(libinit2.o)
    0x080002ee   0x00000000   Code   RO        13067    .ARM.Collect$$libinit$$0000001B  c_w.l(libinit2.o)
    0x080002ee   0x00000000   Code   RO        13069    .ARM.Collect$$libinit$$0000001D  c_w.l(libinit2.o)
    0x080002ee   0x00000000   Code   RO        13071    .ARM.Collect$$libinit$$0000001F  c_w.l(libinit2.o)
    0x080002ee   0x00000000   Code   RO        13073    .ARM.Collect$$libinit$$00000021  c_w.l(libinit2.o)
    0x080002ee   0x00000000   Code   RO        13075    .ARM.Collect$$libinit$$00000023  c_w.l(libinit2.o)
    0x080002ee   0x00000000   Code   RO        13077    .ARM.Collect$$libinit$$00000025  c_w.l(libinit2.o)
    0x080002ee   0x00000000   Code   RO        13081    .ARM.Collect$$libinit$$0000002C  c_w.l(libinit2.o)
    0x080002ee   0x00000000   Code   RO        13083    .ARM.Collect$$libinit$$0000002E  c_w.l(libinit2.o)
    0x080002ee   0x00000000   Code   RO        13085    .ARM.Collect$$libinit$$00000030  c_w.l(libinit2.o)
    0x080002ee   0x00000000   Code   RO        13087    .ARM.Collect$$libinit$$00000032  c_w.l(libinit2.o)
    0x080002ee   0x00000002   Code   RO        13088    .ARM.Collect$$libinit$$00000033  c_w.l(libinit2.o)
    0x080002f0   0x00000002   Code   RO        13373    .ARM.Collect$$libshutdown$$00000000  c_w.l(libshutdown.o)
    0x080002f2   0x00000000   Code   RO        13298    .ARM.Collect$$libshutdown$$00000002  c_w.l(libshutdown2.o)
    0x080002f2   0x00000000   Code   RO        13300    .ARM.Collect$$libshutdown$$00000004  c_w.l(libshutdown2.o)
    0x080002f2   0x00000000   Code   RO        13303    .ARM.Collect$$libshutdown$$00000007  c_w.l(libshutdown2.o)
    0x080002f2   0x00000000   Code   RO        13306    .ARM.Collect$$libshutdown$$0000000A  c_w.l(libshutdown2.o)
    0x080002f2   0x00000000   Code   RO        13308    .ARM.Collect$$libshutdown$$0000000C  c_w.l(libshutdown2.o)
    0x080002f2   0x00000000   Code   RO        13311    .ARM.Collect$$libshutdown$$0000000F  c_w.l(libshutdown2.o)
    0x080002f2   0x00000002   Code   RO        13312    .ARM.Collect$$libshutdown$$00000010  c_w.l(libshutdown2.o)
    0x080002f4   0x00000000   Code   RO        12938    .ARM.Collect$$rtentry$$00000000  c_w.l(__rtentry.o)
    0x080002f4   0x00000000   Code   RO        13139    .ARM.Collect$$rtentry$$00000002  c_w.l(__rtentry2.o)
    0x080002f4   0x00000006   Code   RO        13151    .ARM.Collect$$rtentry$$00000004  c_w.l(__rtentry4.o)
    0x080002fa   0x00000000   Code   RO        13141    .ARM.Collect$$rtentry$$00000009  c_w.l(__rtentry2.o)
    0x080002fa   0x00000004   Code   RO        13142    .ARM.Collect$$rtentry$$0000000A  c_w.l(__rtentry2.o)
    0x080002fe   0x00000000   Code   RO        13144    .ARM.Collect$$rtentry$$0000000C  c_w.l(__rtentry2.o)
    0x080002fe   0x00000008   Code   RO        13145    .ARM.Collect$$rtentry$$0000000D  c_w.l(__rtentry2.o)
    0x08000306   0x00000002   Code   RO        13282    .ARM.Collect$$rtexit$$00000000  c_w.l(rtexit.o)
    0x08000308   0x00000000   Code   RO        13333    .ARM.Collect$$rtexit$$00000002  c_w.l(rtexit2.o)
    0x08000308   0x00000004   Code   RO        13334    .ARM.Collect$$rtexit$$00000003  c_w.l(rtexit2.o)
    0x0800030c   0x00000006   Code   RO        13335    .ARM.Collect$$rtexit$$00000004  c_w.l(rtexit2.o)
    0x08000312   0x00000002   PAD
    0x08000314   0x000000be   Code   RO        11975    .emb_text           port.o
    0x080003d2   0x00000002   PAD
    0x080003d4   0x00000040   Code   RO            4    .text               startup_stm32f407xx.o
    0x08000414   0x000000ee   Code   RO        12788    .text               c_w.l(lludivv7m.o)
    0x08000502   0x00000002   PAD
    0x08000504   0x00000024   Code   RO        12790    .text               c_w.l(vsprintf.o)
    0x08000528   0x0000002c   Code   RO        12792    .text               c_w.l(__2sprintf.o)
    0x08000554   0x00000188   Code   RO        12815    .text               c_w.l(__printf_flags_ss_wp.o)
    0x080006dc   0x0000008a   Code   RO        12822    .text               c_w.l(rt_memcpy_v6.o)
    0x08000766   0x00000064   Code   RO        12824    .text               c_w.l(rt_memcpy_w.o)
    0x080007ca   0x00000010   Code   RO        12828    .text               c_w.l(aeabi_memset.o)
    0x080007da   0x00000044   Code   RO        12830    .text               c_w.l(rt_memclr.o)
    0x0800081e   0x0000004e   Code   RO        12832    .text               c_w.l(rt_memclr_w.o)
    0x0800086c   0x00000006   Code   RO        12834    .text               c_w.l(heapauxi.o)
    0x08000872   0x00000016   Code   RO        12968    .text               c_w.l(_rserrno.o)
    0x08000888   0x0000004e   Code   RO        12970    .text               c_w.l(_printf_pad.o)
    0x080008d6   0x00000024   Code   RO        12972    .text               c_w.l(_printf_truncate.o)
    0x080008fa   0x00000052   Code   RO        12974    .text               c_w.l(_printf_str.o)
    0x0800094c   0x00000078   Code   RO        12976    .text               c_w.l(_printf_dec.o)
    0x080009c4   0x00000028   Code   RO        12978    .text               c_w.l(_printf_charcount.o)
    0x080009ec   0x0000041a   Code   RO        12980    .text               c_w.l(_printf_fp_dec.o)
    0x08000e06   0x00000002   PAD
    0x08000e08   0x00000030   Code   RO        12982    .text               c_w.l(_printf_char_common.o)
    0x08000e38   0x0000000a   Code   RO        12984    .text               c_w.l(_sputc.o)
    0x08000e42   0x00000002   PAD
    0x08000e44   0x000000bc   Code   RO        12986    .text               c_w.l(_printf_wctomb.o)
    0x08000f00   0x0000007c   Code   RO        12989    .text               c_w.l(_printf_longlong_dec.o)
    0x08000f7c   0x00000070   Code   RO        12995    .text               c_w.l(_printf_oct_int_ll.o)
    0x08000fec   0x00000094   Code   RO        13015    .text               c_w.l(_printf_hex_int_ll_ptr.o)
    0x08001080   0x000000a4   Code   RO        13040    .text               c_w.l(strtod.o)
    0x08001124   0x00000008   Code   RO        13135    .text               c_w.l(libspace.o)
    0x0800112c   0x00000008   Code   RO        13158    .text               c_w.l(rt_locale_intlibspace.o)
    0x08001134   0x00000008   Code   RO        13163    .text               c_w.l(rt_errno_addr_intlibspace.o)
    0x0800113c   0x0000008a   Code   RO        13173    .text               c_w.l(lludiv10.o)
    0x080011c6   0x00000002   PAD
    0x080011c8   0x00000030   Code   RO        13175    .text               c_w.l(_fptrap.o)
    0x080011f8   0x00000012   Code   RO        13177    .text               c_w.l(isspace.o)
    0x0800120a   0x000000b2   Code   RO        13179    .text               c_w.l(_printf_intcommon.o)
    0x080012bc   0x000002fc   Code   RO        13181    .text               c_w.l(_printf_fp_hex.o)
    0x080015b8   0x00000080   Code   RO        13184    .text               c_w.l(_printf_fp_infnan.o)
    0x08001638   0x0000002c   Code   RO        13188    .text               c_w.l(_printf_char.o)
    0x08001664   0x0000002c   Code   RO        13190    .text               c_w.l(_printf_wchar.o)
    0x08001690   0x00000040   Code   RO        13192    .text               c_w.l(_sgetc.o)
    0x080016d0   0x000000dc   Code   RO        13194    .text               c_w.l(bigflt0.o)
    0x080017ac   0x00000040   Code   RO        13219    .text               c_w.l(_wcrtomb.o)
    0x080017ec   0x00000002   Code   RO        13245    .text               c_w.l(use_no_semi.o)
    0x080017ee   0x00000000   Code   RO        13247    .text               c_w.l(indicate_semi.o)
    0x080017ee   0x0000004a   Code   RO        13248    .text               c_w.l(sys_stackheap_outer.o)
    0x08001838   0x00000010   Code   RO        13250    .text               c_w.l(rt_ctype_table.o)
    0x08001848   0x000004a4   Code   RO        13256    .text               c_w.l(scanf_fp.o)
    0x08001cec   0x00000012   Code   RO        13258    .text               c_w.l(exit.o)
    0x08001cfe   0x0000000a   Code   RO        13260    .text               c_w.l(defsig_exit.o)
    0x08001d08   0x0000000e   Code   RO        13262    .text               c_w.l(defsig_fpe_outer.o)
    0x08001d16   0x00000002   PAD
    0x08001d18   0x00000080   Code   RO        13268    .text               c_w.l(strcmpv7m.o)
    0x08001d98   0x0000000c   Code   RO        13280    .text               c_w.l(sys_exit.o)
    0x08001da4   0x00000032   Code   RO        13293    .text               c_w.l(defsig_general.o)
    0x08001dd6   0x00000002   PAD
    0x08001dd8   0x000000ac   Code   RO        13295    .text               c_w.l(defsig_fpe_inner.o)
    0x08001e84   0x0000000e   Code   RO        13330    .text               c_w.l(sys_wrch.o)
    0x08001e92   0x00000002   PAD
    0x08001e94   0x00000320   Code   RO        13339    .text               c_w.l(scanf_hexfp.o)
    0x080021b4   0x00000134   Code   RO        13341    .text               c_w.l(scanf_infnan.o)
    0x080022e8   0x00000026   Code   RO        13353    .text               c_w.l(llshl.o)
    0x0800230e   0x0000001c   Code   RO        13355    .text               c_w.l(_chval.o)
    0x0800232a   0x0000003e   Code   RO        13197    CL$$btod_d2e        c_w.l(btod.o)
    0x08002368   0x00000046   Code   RO        13199    CL$$btod_d2e_denorm_low  c_w.l(btod.o)
    0x080023ae   0x00000060   Code   RO        13198    CL$$btod_d2e_norm_op1  c_w.l(btod.o)
    0x0800240e   0x00000338   Code   RO        13207    CL$$btod_div_common  c_w.l(btod.o)
    0x08002746   0x00000002   PAD
    0x08002748   0x00000054   Code   RO        13205    CL$$btod_e2d        c_w.l(btod.o)
    0x0800279c   0x000000c6   Code   RO        13204    CL$$btod_e2e        c_w.l(btod.o)
    0x08002862   0x00000028   Code   RO        13201    CL$$btod_ediv       c_w.l(btod.o)
    0x0800288a   0x00000028   Code   RO        13203    CL$$btod_edivd      c_w.l(btod.o)
    0x080028b2   0x00000028   Code   RO        13200    CL$$btod_emul       c_w.l(btod.o)
    0x080028da   0x00000028   Code   RO        13202    CL$$btod_emuld      c_w.l(btod.o)
    0x08002902   0x00000244   Code   RO        13206    CL$$btod_mult_common  c_w.l(btod.o)
    0x08002b46   0x00000002   PAD
    0x08002b48   0x00000130   Code   RO         7263    i.ADC_Init          stm32f4xx_hal_adc.o
    0x08002c78   0x00000004   Code   RO         1474    i.BusFault_Handler  stm32f4xx_it.o
    0x08002c7c   0x00000010   Code   RO         1475    i.CAN1_RX0_IRQHandler  stm32f4xx_it.o
    0x08002c8c   0x00000010   Code   RO         1476    i.CAN2_RX0_IRQHandler  stm32f4xx_it.o
    0x08002c9c   0x00000050   Code   RO         2642    i.CAN_cmd_chassis   can_receive.o
    0x08002cec   0x00000050   Code   RO         3010    i.CANx_SendStdData  chassis_task.o
    0x08002d3c   0x00000044   Code   RO         1417    i.CDC_Control_FS    usbd_cdc_if.o
    0x08002d80   0x00000004   Code   RO         1418    i.CDC_DeInit_FS     usbd_cdc_if.o
    0x08002d84   0x00000024   Code   RO         1419    i.CDC_Init_FS       usbd_cdc_if.o
    0x08002da8   0x00000024   Code   RO         1420    i.CDC_Receive_FS    usbd_cdc_if.o
    0x08002dcc   0x00000018   Code   RO         4008    i.CDC_Receive_FS_Callback  usb_task.o
    0x08002de4   0x0000000c   Code   RO         1421    i.CDC_TransmitCplt_FS  usbd_cdc_if.o
    0x08002df0   0x00000010   Code   RO         1477    i.DMA2_Stream1_IRQHandler  stm32f4xx_it.o
    0x08002e00   0x00000898   Code   RO         3468    i.DMA2_Stream2_IRQHandler  ins_task.o
    0x08003698   0x00000010   Code   RO         1478    i.DMA2_Stream6_IRQHandler  stm32f4xx_it.o
    0x080036a8   0x00000010   Code   RO         1479    i.DMA2_Stream7_IRQHandler  stm32f4xx_it.o
    0x080036b8   0x00000034   Code   RO         6592    i.DMA_CalcBaseAndBitshift  stm32f4xx_hal_dma.o
    0x080036ec   0x0000007e   Code   RO         6593    i.DMA_CheckFifoParam  stm32f4xx_hal_dma.o
    0x0800376a   0x00000002   Code   RO         1480    i.DebugMon_Handler  stm32f4xx_it.o
    0x0800376c   0x0000000a   Code   RO         1481    i.EXTI0_IRQHandler  stm32f4xx_it.o
    0x08003776   0x0000000a   Code   RO         1482    i.EXTI3_IRQHandler  stm32f4xx_it.o
    0x08003780   0x0000000a   Code   RO         1483    i.EXTI4_IRQHandler  stm32f4xx_it.o
    0x0800378a   0x0000000a   Code   RO         1484    i.EXTI9_5_IRQHandler  stm32f4xx_it.o
    0x08003794   0x00000002   Code   RO           13    i.Error_Handler     main.o
    0x08003796   0x00000002   PAD
    0x08003798   0x00000034   Code   RO         1327    i.Get_SerialNum     usbd_desc.o
    0x080037cc   0x0000000c   Code   RO         4074    i.Get_battery_voltage  voltage_task.o
    0x080037d8   0x00000174   Code   RO         7265    i.HAL_ADC_ConfigChannel  stm32f4xx_hal_adc.o
    0x0800394c   0x00000006   Code   RO         7272    i.HAL_ADC_GetValue  stm32f4xx_hal_adc.o
    0x08003952   0x00000056   Code   RO         7274    i.HAL_ADC_Init      stm32f4xx_hal_adc.o
    0x080039a8   0x000000ac   Code   RO          586    i.HAL_ADC_MspInit   adc.o
    0x08003a54   0x000000c6   Code   RO         7278    i.HAL_ADC_PollForConversion  stm32f4xx_hal_adc.o
    0x08003b1a   0x00000002   PAD
    0x08003b1c   0x00000128   Code   RO         7280    i.HAL_ADC_Start     stm32f4xx_hal_adc.o
    0x08003c44   0x00000024   Code   RO         7539    i.HAL_CAN_ActivateNotification  stm32f4xx_hal_can.o
    0x08003c68   0x00000104   Code   RO         7540    i.HAL_CAN_AddTxMessage  stm32f4xx_hal_can.o
    0x08003d6c   0x00000128   Code   RO         7541    i.HAL_CAN_ConfigFilter  stm32f4xx_hal_can.o
    0x08003e94   0x00000002   Code   RO         7544    i.HAL_CAN_ErrorCallback  stm32f4xx_hal_can.o
    0x08003e96   0x0000016c   Code   RO         7547    i.HAL_CAN_GetRxMessage  stm32f4xx_hal_can.o
    0x08004002   0x00000234   Code   RO         7551    i.HAL_CAN_IRQHandler  stm32f4xx_hal_can.o
    0x08004236   0x00000168   Code   RO         7552    i.HAL_CAN_Init      stm32f4xx_hal_can.o
    0x0800439e   0x00000002   PAD
    0x080043a0   0x00000160   Code   RO          634    i.HAL_CAN_MspInit   can.o
    0x08004500   0x00000002   Code   RO         7559    i.HAL_CAN_RxFifo0FullCallback  stm32f4xx_hal_can.o
    0x08004502   0x00000002   PAD
    0x08004504   0x0000038c   Code   RO         2647    i.HAL_CAN_RxFifo0MsgPendingCallback  can_receive.o
    0x08004890   0x00000002   Code   RO         7561    i.HAL_CAN_RxFifo1FullCallback  stm32f4xx_hal_can.o
    0x08004892   0x00000002   Code   RO         7562    i.HAL_CAN_RxFifo1MsgPendingCallback  stm32f4xx_hal_can.o
    0x08004894   0x00000002   Code   RO         7563    i.HAL_CAN_SleepCallback  stm32f4xx_hal_can.o
    0x08004896   0x00000064   Code   RO         7564    i.HAL_CAN_Start     stm32f4xx_hal_can.o
    0x080048fa   0x00000002   Code   RO         7566    i.HAL_CAN_TxMailbox0AbortCallback  stm32f4xx_hal_can.o
    0x080048fc   0x00000002   Code   RO         7567    i.HAL_CAN_TxMailbox0CompleteCallback  stm32f4xx_hal_can.o
    0x080048fe   0x00000002   Code   RO         7568    i.HAL_CAN_TxMailbox1AbortCallback  stm32f4xx_hal_can.o
    0x08004900   0x00000002   Code   RO         7569    i.HAL_CAN_TxMailbox1CompleteCallback  stm32f4xx_hal_can.o
    0x08004902   0x00000002   Code   RO         7570    i.HAL_CAN_TxMailbox2AbortCallback  stm32f4xx_hal_can.o
    0x08004904   0x00000002   Code   RO         7571    i.HAL_CAN_TxMailbox2CompleteCallback  stm32f4xx_hal_can.o
    0x08004906   0x00000002   Code   RO         7573    i.HAL_CAN_WakeUpFromRxMsgCallback  stm32f4xx_hal_can.o
    0x08004908   0x00000024   Code   RO         7776    i.HAL_CRC_Init      stm32f4xx_hal_crc.o
    0x0800492c   0x00000034   Code   RO          683    i.HAL_CRC_MspInit   crc.o
    0x08004960   0x000000a2   Code   RO         6595    i.HAL_DMA_Abort     stm32f4xx_hal_dma.o
    0x08004a02   0x00000024   Code   RO         6596    i.HAL_DMA_Abort_IT  stm32f4xx_hal_dma.o
    0x08004a26   0x00000002   PAD
    0x08004a28   0x000001ec   Code   RO         6600    i.HAL_DMA_IRQHandler  stm32f4xx_hal_dma.o
    0x08004c14   0x000000ec   Code   RO         6601    i.HAL_DMA_Init      stm32f4xx_hal_dma.o
    0x08004d00   0x00000028   Code   RO         7009    i.HAL_Delay         stm32f4xx_hal.o
    0x08004d28   0x000000b8   Code   RO         3469    i.HAL_GPIO_EXTI_Callback  ins_task.o
    0x08004de0   0x00000018   Code   RO         6487    i.HAL_GPIO_EXTI_IRQHandler  stm32f4xx_hal_gpio.o
    0x08004df8   0x0000022c   Code   RO         6488    i.HAL_GPIO_Init     stm32f4xx_hal_gpio.o
    0x08005024   0x0000000e   Code   RO         6492    i.HAL_GPIO_WritePin  stm32f4xx_hal_gpio.o
    0x08005032   0x00000002   PAD
    0x08005034   0x0000000c   Code   RO         7015    i.HAL_GetTick       stm32f4xx_hal.o
    0x08005040   0x000001ac   Code   RO         7843    i.HAL_I2C_Init      stm32f4xx_hal_i2c.o
    0x080051ec   0x00000138   Code   RO          752    i.HAL_I2C_MspInit   i2c.o
    0x08005324   0x00000010   Code   RO         7021    i.HAL_IncTick       stm32f4xx_hal.o
    0x08005334   0x00000034   Code   RO         7022    i.HAL_Init          stm32f4xx_hal.o
    0x08005368   0x000000b4   Code   RO         1628    i.HAL_InitTick      stm32f4xx_hal_timebase_tim.o
    0x0800541c   0x00000054   Code   RO         1604    i.HAL_MspInit       stm32f4xx_hal_msp.o
    0x08005470   0x0000001c   Code   RO         6877    i.HAL_NVIC_EnableIRQ  stm32f4xx_hal_cortex.o
    0x0800548c   0x00000068   Code   RO         6883    i.HAL_NVIC_SetPriority  stm32f4xx_hal_cortex.o
    0x080054f4   0x00000024   Code   RO         6884    i.HAL_NVIC_SetPriorityGrouping  stm32f4xx_hal_cortex.o
    0x08005518   0x00000002   Code   RO         5736    i.HAL_PCDEx_LPM_Callback  stm32f4xx_hal_pcd_ex.o
    0x0800551a   0x00000008   Code   RO         5737    i.HAL_PCDEx_SetRxFiFo  stm32f4xx_hal_pcd_ex.o
    0x08005522   0x0000004a   Code   RO         5738    i.HAL_PCDEx_SetTxFiFo  stm32f4xx_hal_pcd_ex.o
    0x0800556c   0x0000000e   Code   RO         1120    i.HAL_PCD_ConnectCallback  usbd_conf.o
    0x0800557a   0x00000020   Code   RO         1121    i.HAL_PCD_DataInStageCallback  usbd_conf.o
    0x0800559a   0x00000020   Code   RO         1122    i.HAL_PCD_DataOutStageCallback  usbd_conf.o
    0x080055ba   0x0000000e   Code   RO         1123    i.HAL_PCD_DisconnectCallback  usbd_conf.o
    0x080055c8   0x00000020   Code   RO         5501    i.HAL_PCD_EP_Abort  stm32f4xx_hal_pcd.o
    0x080055e8   0x0000004a   Code   RO         5502    i.HAL_PCD_EP_Close  stm32f4xx_hal_pcd.o
    0x08005632   0x0000005c   Code   RO         5503    i.HAL_PCD_EP_ClrStall  stm32f4xx_hal_pcd.o
    0x0800568e   0x00000012   Code   RO         5505    i.HAL_PCD_EP_GetRxCount  stm32f4xx_hal_pcd.o
    0x080056a0   0x0000005c   Code   RO         5506    i.HAL_PCD_EP_Open   stm32f4xx_hal_pcd.o
    0x080056fc   0x00000046   Code   RO         5507    i.HAL_PCD_EP_Receive  stm32f4xx_hal_pcd.o
    0x08005742   0x00000074   Code   RO         5508    i.HAL_PCD_EP_SetStall  stm32f4xx_hal_pcd.o
    0x080057b6   0x00000046   Code   RO         5509    i.HAL_PCD_EP_Transmit  stm32f4xx_hal_pcd.o
    0x080057fc   0x00000564   Code   RO         5511    i.HAL_PCD_IRQHandler  stm32f4xx_hal_pcd.o
    0x08005d60   0x00000012   Code   RO         1124    i.HAL_PCD_ISOINIncompleteCallback  usbd_conf.o
    0x08005d72   0x00000012   Code   RO         1125    i.HAL_PCD_ISOOUTIncompleteCallback  usbd_conf.o
    0x08005d84   0x00000140   Code   RO         5514    i.HAL_PCD_Init      stm32f4xx_hal_pcd.o
    0x08005ec4   0x000000a8   Code   RO         1127    i.HAL_PCD_MspInit   usbd_conf.o
    0x08005f6c   0x00000030   Code   RO         1128    i.HAL_PCD_ResetCallback  usbd_conf.o
    0x08005f9c   0x0000000e   Code   RO         1129    i.HAL_PCD_ResumeCallback  usbd_conf.o
    0x08005faa   0x0000000e   Code   RO         1130    i.HAL_PCD_SOFCallback  usbd_conf.o
    0x08005fb8   0x00000028   Code   RO         5520    i.HAL_PCD_SetAddress  stm32f4xx_hal_pcd.o
    0x08005fe0   0x00000012   Code   RO         1131    i.HAL_PCD_SetupStageCallback  usbd_conf.o
    0x08005ff2   0x00000042   Code   RO         5523    i.HAL_PCD_Start     stm32f4xx_hal_pcd.o
    0x08006034   0x00000034   Code   RO         1132    i.HAL_PCD_SuspendCallback  usbd_conf.o
    0x08006068   0x0000017c   Code   RO         6194    i.HAL_RCCEx_PeriphCLKConfig  stm32f4xx_hal_rcc_ex.o
    0x080061e4   0x0000017c   Code   RO         6089    i.HAL_RCC_ClockConfig  stm32f4xx_hal_rcc.o
    0x08006360   0x0000003c   Code   RO         6093    i.HAL_RCC_GetClockConfig  stm32f4xx_hal_rcc.o
    0x0800639c   0x0000000c   Code   RO         6094    i.HAL_RCC_GetHCLKFreq  stm32f4xx_hal_rcc.o
    0x080063a8   0x00000020   Code   RO         6096    i.HAL_RCC_GetPCLK1Freq  stm32f4xx_hal_rcc.o
    0x080063c8   0x00000020   Code   RO         6097    i.HAL_RCC_GetPCLK2Freq  stm32f4xx_hal_rcc.o
    0x080063e8   0x00000070   Code   RO         6098    i.HAL_RCC_GetSysClockFreq  stm32f4xx_hal_rcc.o
    0x08006458   0x00000482   Code   RO         6101    i.HAL_RCC_OscConfig  stm32f4xx_hal_rcc.o
    0x080068da   0x00000034   Code   RO         8331    i.HAL_RNG_Init      stm32f4xx_hal_rng.o
    0x0800690e   0x00000002   PAD
    0x08006910   0x00000034   Code   RO          800    i.HAL_RNG_MspInit   rng.o
    0x08006944   0x00000094   Code   RO         8437    i.HAL_RTC_Init      stm32f4xx_hal_rtc.o
    0x080069d8   0x00000040   Code   RO          842    i.HAL_RTC_MspInit   rtc.o
    0x08006a18   0x0000003c   Code   RO         8445    i.HAL_RTC_WaitForSynchro  stm32f4xx_hal_rtc.o
    0x08006a54   0x000000be   Code   RO         8837    i.HAL_SPI_Init      stm32f4xx_hal_spi.o
    0x08006b12   0x00000002   PAD
    0x08006b14   0x00000158   Code   RO          884    i.HAL_SPI_MspInit   spi.o
    0x08006c6c   0x00000002   Code   RO         9865    i.HAL_TIMEx_BreakCallback  stm32f4xx_hal_tim_ex.o
    0x08006c6e   0x00000002   Code   RO         9866    i.HAL_TIMEx_CommutCallback  stm32f4xx_hal_tim_ex.o
    0x08006c70   0x00000066   Code   RO         9868    i.HAL_TIMEx_ConfigBreakDeadTime  stm32f4xx_hal_tim_ex.o
    0x08006cd6   0x0000009a   Code   RO         9884    i.HAL_TIMEx_MasterConfigSynchronization  stm32f4xx_hal_tim_ex.o
    0x08006d70   0x0000005c   Code   RO         9150    i.HAL_TIM_Base_Init  stm32f4xx_hal_tim.o
    0x08006dcc   0x0000014c   Code   RO          926    i.HAL_TIM_Base_MspInit  tim.o
    0x08006f18   0x00000080   Code   RO         9153    i.HAL_TIM_Base_Start  stm32f4xx_hal_tim.o
    0x08006f98   0x0000008a   Code   RO         9155    i.HAL_TIM_Base_Start_IT  stm32f4xx_hal_tim.o
    0x08007022   0x000000ea   Code   RO         9159    i.HAL_TIM_ConfigClockSource  stm32f4xx_hal_tim.o
    0x0800710c   0x00000002   Code   RO         9184    i.HAL_TIM_IC_CaptureCallback  stm32f4xx_hal_tim.o
    0x0800710e   0x00000174   Code   RO         9198    i.HAL_TIM_IRQHandler  stm32f4xx_hal_tim.o
    0x08007282   0x00000002   PAD
    0x08007284   0x000002d8   Code   RO          927    i.HAL_TIM_MspPostInit  tim.o
    0x0800755c   0x00000002   Code   RO         9201    i.HAL_TIM_OC_DelayElapsedCallback  stm32f4xx_hal_tim.o
    0x0800755e   0x000000d8   Code   RO         9222    i.HAL_TIM_PWM_ConfigChannel  stm32f4xx_hal_tim.o
    0x08007636   0x0000005c   Code   RO         9225    i.HAL_TIM_PWM_Init  stm32f4xx_hal_tim.o
    0x08007692   0x00000002   Code   RO         9227    i.HAL_TIM_PWM_MspInit  stm32f4xx_hal_tim.o
    0x08007694   0x00000002   Code   RO         9228    i.HAL_TIM_PWM_PulseFinishedCallback  stm32f4xx_hal_tim.o
    0x08007696   0x00000002   PAD
    0x08007698   0x000000dc   Code   RO         9230    i.HAL_TIM_PWM_Start  stm32f4xx_hal_tim.o
    0x08007774   0x0000007c   Code   RO         9233    i.HAL_TIM_PWM_Stop  stm32f4xx_hal_tim.o
    0x080077f0   0x00000018   Code   RO           14    i.HAL_TIM_PeriodElapsedCallback  main.o
    0x08007808   0x00000002   Code   RO         9241    i.HAL_TIM_TriggerCallback  stm32f4xx_hal_tim.o
    0x0800780a   0x00000002   Code   RO        10143    i.HAL_UARTEx_RxEventCallback  stm32f4xx_hal_uart.o
    0x0800780c   0x00000002   Code   RO        10157    i.HAL_UART_ErrorCallback  stm32f4xx_hal_uart.o
    0x0800780e   0x00000002   PAD
    0x08007810   0x00000260   Code   RO        10160    i.HAL_UART_IRQHandler  stm32f4xx_hal_uart.o
    0x08007a70   0x00000064   Code   RO        10161    i.HAL_UART_Init     stm32f4xx_hal_uart.o
    0x08007ad4   0x00000304   Code   RO         1010    i.HAL_UART_MspInit  usart.o
    0x08007dd8   0x0000002e   Code   RO        10166    i.HAL_UART_Receive_IT  stm32f4xx_hal_uart.o
    0x08007e06   0x00000002   PAD
    0x08007e08   0x00000038   Code   RO         3011    i.HAL_UART_RxCpltCallback  chassis_task.o
    0x08007e40   0x00000002   Code   RO        10172    i.HAL_UART_TxCpltCallback  stm32f4xx_hal_uart.o
    0x08007e42   0x00000004   Code   RO         1485    i.HardFault_Handler  stm32f4xx_it.o
    0x08007e46   0x00000002   PAD
    0x08007e48   0x0000007c   Code   RO         3470    i.INS_cali_gyro     ins_task.o
    0x08007ec4   0x00000048   Code   RO         3471    i.INS_set_cali_gyro  ins_task.o
    0x08007f0c   0x0000003e   Code   RO         1328    i.IntToUnicode      usbd_desc.o
    0x08007f4a   0x00000002   PAD
    0x08007f4c   0x00000070   Code   RO          587    i.MX_ADC1_Init      adc.o
    0x08007fbc   0x00000070   Code   RO          588    i.MX_ADC3_Init      adc.o
    0x0800802c   0x00000044   Code   RO          635    i.MX_CAN1_Init      can.o
    0x08008070   0x00000044   Code   RO          636    i.MX_CAN2_Init      can.o
    0x080080b4   0x00000020   Code   RO          684    i.MX_CRC_Init       crc.o
    0x080080d4   0x000000a8   Code   RO          724    i.MX_DMA_Init       dma.o
    0x0800817c   0x000000ec   Code   RO          523    i.MX_FREERTOS_Init  freertos.o
    0x08008268   0x000002f4   Code   RO          364    i.MX_GPIO_Init      gpio.o
    0x0800855c   0x0000003c   Code   RO          753    i.MX_I2C1_Init      i2c.o
    0x08008598   0x0000003c   Code   RO          754    i.MX_I2C3_Init      i2c.o
    0x080085d4   0x00000020   Code   RO          801    i.MX_RNG_Init       rng.o
    0x080085f4   0x00000034   Code   RO          843    i.MX_RTC_Init       rtc.o
    0x08008628   0x00000048   Code   RO          885    i.MX_SPI1_Init      spi.o
    0x08008670   0x0000006c   Code   RO          928    i.MX_TIM10_Init     tim.o
    0x080086dc   0x0000008c   Code   RO          929    i.MX_TIM12_Init     tim.o
    0x08008768   0x000000ec   Code   RO          930    i.MX_TIM1_Init      tim.o
    0x08008854   0x000000a4   Code   RO          931    i.MX_TIM3_Init      tim.o
    0x080088f8   0x000000a4   Code   RO          932    i.MX_TIM4_Init      tim.o
    0x0800899c   0x000000c4   Code   RO          933    i.MX_TIM5_Init      tim.o
    0x08008a60   0x000000d8   Code   RO          934    i.MX_TIM8_Init      tim.o
    0x08008b38   0x00000038   Code   RO         1011    i.MX_USART1_UART_Init  usart.o
    0x08008b70   0x0000003c   Code   RO         1012    i.MX_USART3_UART_Init  usart.o
    0x08008bac   0x00000038   Code   RO         1013    i.MX_USART6_UART_Init  usart.o
    0x08008be4   0x0000004c   Code   RO         1063    i.MX_USB_DEVICE_Init  usb_device.o
    0x08008c30   0x00000004   Code   RO         1486    i.MemManage_Handler  stm32f4xx_it.o
    0x08008c34   0x00000002   Code   RO         1487    i.NMI_Handler       stm32f4xx_it.o
    0x08008c36   0x00000002   PAD
    0x08008c38   0x0000001c   Code   RO         4258    i.OLED_LOGO         oled.o
    0x08008c54   0x00000002   Code   RO         4259    i.OLED_check_ack    oled.o
    0x08008c56   0x00000002   PAD
    0x08008c58   0x00000088   Code   RO         4264    i.OLED_draw_point   oled.o
    0x08008ce0   0x000000f4   Code   RO         4265    i.OLED_init         oled.o
    0x08008dd4   0x00000054   Code   RO         4266    i.OLED_operate_gram  oled.o
    0x08008e28   0x00000040   Code   RO         4267    i.OLED_printf       oled.o
    0x08008e68   0x00000018   Code   RO         4268    i.OLED_refresh_gram  oled.o
    0x08008e80   0x00000040   Code   RO         4269    i.OLED_set_pos      oled.o
    0x08008ec0   0x0000008c   Code   RO         4270    i.OLED_show_char    oled.o
    0x08008f4c   0x0000008a   Code   RO         4271    i.OLED_show_graphic  oled.o
    0x08008fd6   0x00000032   Code   RO         4272    i.OLED_show_string  oled.o
    0x08009008   0x00000010   Code   RO         1488    i.OTG_FS_IRQHandler  stm32f4xx_it.o
    0x08009018   0x00000048   Code   RO         5527    i.PCD_EP_OutSetupPacket_int  stm32f4xx_hal_pcd.o
    0x08009060   0x000000e8   Code   RO         5528    i.PCD_EP_OutXfrComplete_int  stm32f4xx_hal_pcd.o
    0x08009148   0x000000a2   Code   RO         5529    i.PCD_WriteEmptyTxFifo  stm32f4xx_hal_pcd.o
    0x080091ea   0x00000002   PAD
    0x080091ec   0x000001f0   Code   RO         5356    i.PID_calc          pid.o
    0x080093dc   0x00000060   Code   RO         5358    i.PID_init          pid.o
    0x0800943c   0x00000090   Code   RO         2648    i.PosSpeed_CtrlMotor  can_receive.o
    0x080094cc   0x0000009c   Code   RO         2193    i.RC_Init           bsp_rc.o
    0x08009568   0x00000050   Code   RO         2194    i.RC_restart        bsp_rc.o
    0x080095b8   0x00000018   Code   RO         2195    i.RC_unable         bsp_rc.o
    0x080095d0   0x00000048   Code   RO         8448    i.RTC_EnterInitMode  stm32f4xx_hal_rtc.o
    0x08009618   0x0000002c   Code   RO         8449    i.RTC_ExitInitMode  stm32f4xx_hal_rtc.o
    0x08009644   0x0000273c   Code   RO         2268    i.SPI1_DMA_enable   bsp_spi.o
    0x0800bd80   0x0000002c   Code   RO        11976    i.SysTick_Handler   port.o
    0x0800bdac   0x000000b4   Code   RO           15    i.SystemClock_Config  main.o
    0x0800be60   0x00000064   Code   RO         1668    i.SystemInit        system_stm32f4xx.o
    0x0800bec4   0x00000010   Code   RO         1489    i.TIM6_DAC_IRQHandler  stm32f4xx_it.o
    0x0800bed4   0x000000cc   Code   RO         9243    i.TIM_Base_SetConfig  stm32f4xx_hal_tim.o
    0x0800bfa0   0x0000001e   Code   RO         9244    i.TIM_CCxChannelCmd  stm32f4xx_hal_tim.o
    0x0800bfbe   0x00000016   Code   RO         9254    i.TIM_ETR_SetConfig  stm32f4xx_hal_tim.o
    0x0800bfd4   0x00000010   Code   RO         9255    i.TIM_ITRx_SetConfig  stm32f4xx_hal_tim.o
    0x0800bfe4   0x00000070   Code   RO         9256    i.TIM_OC1_SetConfig  stm32f4xx_hal_tim.o
    0x0800c054   0x00000078   Code   RO         9257    i.TIM_OC2_SetConfig  stm32f4xx_hal_tim.o
    0x0800c0cc   0x00000078   Code   RO         9258    i.TIM_OC3_SetConfig  stm32f4xx_hal_tim.o
    0x0800c144   0x00000058   Code   RO         9259    i.TIM_OC4_SetConfig  stm32f4xx_hal_tim.o
    0x0800c19c   0x00000026   Code   RO         9261    i.TIM_TI1_ConfigInputStage  stm32f4xx_hal_tim.o
    0x0800c1c2   0x00000024   Code   RO         9263    i.TIM_TI2_ConfigInputStage  stm32f4xx_hal_tim.o
    0x0800c1e6   0x00000010   Code   RO        10174    i.UART_DMAAbortOnError  stm32f4xx_hal_uart.o
    0x0800c1f6   0x0000004e   Code   RO        10184    i.UART_EndRxTransfer  stm32f4xx_hal_uart.o
    0x0800c244   0x0000001a   Code   RO        10185    i.UART_EndTransmit_IT  stm32f4xx_hal_uart.o
    0x0800c25e   0x000000c8   Code   RO        10187    i.UART_Receive_IT   stm32f4xx_hal_uart.o
    0x0800c326   0x00000002   PAD
    0x0800c328   0x000000fc   Code   RO        10188    i.UART_SetConfig    stm32f4xx_hal_uart.o
    0x0800c424   0x0000003c   Code   RO        10190    i.UART_Start_Receive_IT  stm32f4xx_hal_uart.o
    0x0800c460   0x0000005e   Code   RO        10191    i.UART_Transmit_IT  stm32f4xx_hal_uart.o
    0x0800c4be   0x00000002   PAD
    0x0800c4c0   0x00000010   Code   RO         1490    i.USART1_IRQHandler  stm32f4xx_it.o
    0x0800c4d0   0x00000130   Code   RO         3826    i.USART3_IRQHandler  remote_control.o
    0x0800c600   0x00000128   Code   RO         3740    i.USART6_IRQHandler  referee_usart_task.o
    0x0800c728   0x00000078   Code   RO        12375    i.USBD_CDC_DataIn   usbd_cdc.o
    0x0800c7a0   0x0000003e   Code   RO        12376    i.USBD_CDC_DataOut  usbd_cdc.o
    0x0800c7de   0x00000002   PAD
    0x0800c7e0   0x00000094   Code   RO        12377    i.USBD_CDC_DeInit   usbd_cdc.o
    0x0800c874   0x00000038   Code   RO        12378    i.USBD_CDC_EP0_RxReady  usbd_cdc.o
    0x0800c8ac   0x0000000c   Code   RO        12379    i.USBD_CDC_GetDeviceQualifierDescriptor  usbd_cdc.o
    0x0800c8b8   0x0000003c   Code   RO        12380    i.USBD_CDC_GetFSCfgDesc  usbd_cdc.o
    0x0800c8f4   0x00000040   Code   RO        12381    i.USBD_CDC_GetHSCfgDesc  usbd_cdc.o
    0x0800c934   0x0000003c   Code   RO        12382    i.USBD_CDC_GetOtherSpeedCfgDesc  usbd_cdc.o
    0x0800c970   0x00000160   Code   RO        12383    i.USBD_CDC_Init     usbd_cdc.o
    0x0800cad0   0x00000048   Code   RO        12384    i.USBD_CDC_ReceivePacket  usbd_cdc.o
    0x0800cb18   0x00000018   Code   RO        12385    i.USBD_CDC_RegisterInterface  usbd_cdc.o
    0x0800cb30   0x0000001c   Code   RO        12386    i.USBD_CDC_SetRxBuffer  usbd_cdc.o
    0x0800cb4c   0x00000020   Code   RO        12387    i.USBD_CDC_SetTxBuffer  usbd_cdc.o
    0x0800cb6c   0x00000110   Code   RO        12388    i.USBD_CDC_Setup    usbd_cdc.o
    0x0800cc7c   0x00000014   Code   RO        12055    i.USBD_ClrClassConfig  usbd_core.o
    0x0800cc90   0x00000026   Code   RO        12217    i.USBD_ClrFeature   usbd_ctlreq.o
    0x0800ccb6   0x00000004   Code   RO        12056    i.USBD_CoreFindEP   usbd_core.o
    0x0800ccba   0x00000004   Code   RO        12057    i.USBD_CoreFindIF   usbd_core.o
    0x0800ccbe   0x00000010   Code   RO        12315    i.USBD_CtlContinueRx  usbd_ioreq.o
    0x0800ccce   0x00000010   Code   RO        12316    i.USBD_CtlContinueSendData  usbd_ioreq.o
    0x0800ccde   0x00000018   Code   RO        12218    i.USBD_CtlError     usbd_ctlreq.o
    0x0800ccf6   0x0000001e   Code   RO        12317    i.USBD_CtlPrepareRx  usbd_ioreq.o
    0x0800cd14   0x00000016   Code   RO        12318    i.USBD_CtlReceiveStatus  usbd_ioreq.o
    0x0800cd2a   0x0000001a   Code   RO        12319    i.USBD_CtlSendData  usbd_ioreq.o
    0x0800cd44   0x00000016   Code   RO        12320    i.USBD_CtlSendStatus  usbd_ioreq.o
    0x0800cd5a   0x00000002   PAD
    0x0800cd5c   0x00000034   Code   RO         1329    i.USBD_FS_ConfigStrDescriptor  usbd_desc.o
    0x0800cd90   0x00000010   Code   RO         1330    i.USBD_FS_DeviceDescriptor  usbd_desc.o
    0x0800cda0   0x00000038   Code   RO         1331    i.USBD_FS_InterfaceStrDescriptor  usbd_desc.o
    0x0800cdd8   0x00000010   Code   RO         1332    i.USBD_FS_LangIDStrDescriptor  usbd_desc.o
    0x0800cde8   0x0000002c   Code   RO         1333    i.USBD_FS_ManufacturerStrDescriptor  usbd_desc.o
    0x0800ce14   0x00000040   Code   RO         1334    i.USBD_FS_ProductStrDescriptor  usbd_desc.o
    0x0800ce54   0x00000018   Code   RO         1335    i.USBD_FS_SerialStrDescriptor  usbd_desc.o
    0x0800ce6c   0x00000034   Code   RO        12219    i.USBD_GetConfig    usbd_ctlreq.o
    0x0800cea0   0x000001b4   Code   RO        12220    i.USBD_GetDescriptor  usbd_ctlreq.o
    0x0800d054   0x0000003c   Code   RO        12059    i.USBD_GetEpDesc    usbd_core.o
    0x0800d090   0x00000018   Code   RO        12221    i.USBD_GetLen       usbd_ctlreq.o
    0x0800d0a8   0x0000000e   Code   RO        12060    i.USBD_GetNextDesc  usbd_core.o
    0x0800d0b6   0x00000036   Code   RO        12222    i.USBD_GetStatus    usbd_ctlreq.o
    0x0800d0ec   0x00000044   Code   RO        12223    i.USBD_GetString    usbd_ctlreq.o
    0x0800d130   0x0000002c   Code   RO         1133    i.USBD_Get_USB_Status  usbd_conf.o
    0x0800d15c   0x00000028   Code   RO        12061    i.USBD_Init         usbd_core.o
    0x0800d184   0x00000026   Code   RO         1134    i.USBD_LL_ClearStallEP  usbd_conf.o
    0x0800d1aa   0x00000026   Code   RO         1135    i.USBD_LL_CloseEP   usbd_conf.o
    0x0800d1d0   0x000000dc   Code   RO        12062    i.USBD_LL_DataInStage  usbd_core.o
    0x0800d2ac   0x000000d0   Code   RO        12063    i.USBD_LL_DataOutStage  usbd_core.o
    0x0800d37c   0x00000004   Code   RO        12064    i.USBD_LL_DevConnected  usbd_core.o
    0x0800d380   0x00000020   Code   RO        12065    i.USBD_LL_DevDisconnected  usbd_core.o
    0x0800d3a0   0x00000012   Code   RO         1139    i.USBD_LL_GetRxDataSize  usbd_conf.o
    0x0800d3b2   0x00000002   PAD
    0x0800d3b4   0x00000068   Code   RO         1140    i.USBD_LL_Init      usbd_conf.o
    0x0800d41c   0x00000038   Code   RO         1141    i.USBD_LL_IsStallEP  usbd_conf.o
    0x0800d454   0x0000002a   Code   RO        12066    i.USBD_LL_IsoINIncomplete  usbd_core.o
    0x0800d47e   0x0000002a   Code   RO        12067    i.USBD_LL_IsoOUTIncomplete  usbd_core.o
    0x0800d4a8   0x00000030   Code   RO         1142    i.USBD_LL_OpenEP    usbd_conf.o
    0x0800d4d8   0x00000030   Code   RO         1143    i.USBD_LL_PrepareReceive  usbd_conf.o
    0x0800d508   0x00000060   Code   RO        12068    i.USBD_LL_Reset     usbd_core.o
    0x0800d568   0x00000014   Code   RO        12069    i.USBD_LL_Resume    usbd_core.o
    0x0800d57c   0x0000001a   Code   RO        12070    i.USBD_LL_SOF       usbd_core.o
    0x0800d596   0x00000006   Code   RO        12071    i.USBD_LL_SetSpeed  usbd_core.o
    0x0800d59c   0x00000026   Code   RO         1144    i.USBD_LL_SetUSBAddress  usbd_conf.o
    0x0800d5c2   0x00000064   Code   RO        12072    i.USBD_LL_SetupStage  usbd_core.o
    0x0800d626   0x00000026   Code   RO         1145    i.USBD_LL_StallEP   usbd_conf.o
    0x0800d64c   0x0000001e   Code   RO         1146    i.USBD_LL_Start     usbd_conf.o
    0x0800d66a   0x00000012   Code   RO        12073    i.USBD_LL_Suspend   usbd_core.o
    0x0800d67c   0x00000030   Code   RO         1148    i.USBD_LL_Transmit  usbd_conf.o
    0x0800d6ac   0x00000032   Code   RO        12224    i.USBD_ParseSetupRequest  usbd_ctlreq.o
    0x0800d6de   0x0000003a   Code   RO        12074    i.USBD_RegisterClass  usbd_core.o
    0x0800d718   0x00000004   Code   RO        12075    i.USBD_RunTestMode  usbd_core.o
    0x0800d71c   0x00000058   Code   RO        12225    i.USBD_SetAddress   usbd_ctlreq.o
    0x0800d774   0x00000014   Code   RO        12076    i.USBD_SetClassConfig  usbd_core.o
    0x0800d788   0x000000dc   Code   RO        12226    i.USBD_SetConfig    usbd_ctlreq.o
    0x0800d864   0x00000024   Code   RO        12227    i.USBD_SetFeature   usbd_ctlreq.o
    0x0800d888   0x00000004   Code   RO        12077    i.USBD_Start        usbd_core.o
    0x0800d88c   0x00000076   Code   RO        12228    i.USBD_StdDevReq    usbd_ctlreq.o
    0x0800d902   0x0000022e   Code   RO        12229    i.USBD_StdEPReq     usbd_ctlreq.o
    0x0800db30   0x0000008e   Code   RO        12230    i.USBD_StdItfReq    usbd_ctlreq.o
    0x0800dbbe   0x00000002   Code   RO         1149    i.USBD_static_free  usbd_conf.o
    0x0800dbc0   0x0000000c   Code   RO         1150    i.USBD_static_malloc  usbd_conf.o
    0x0800dbcc   0x0000009c   Code   RO         5778    i.USB_ActivateEndpoint  stm32f4xx_ll_usb.o
    0x0800dc68   0x0000001c   Code   RO         5780    i.USB_ActivateSetup  stm32f4xx_ll_usb.o
    0x0800dc84   0x0000007e   Code   RO         5782    i.USB_CoreInit      stm32f4xx_ll_usb.o
    0x0800dd02   0x00000002   PAD
    0x0800dd04   0x00000050   Code   RO         5783    i.USB_CoreReset     stm32f4xx_ll_usb.o
    0x0800dd54   0x000000dc   Code   RO         5786    i.USB_DeactivateEndpoint  stm32f4xx_ll_usb.o
    0x0800de30   0x0000001c   Code   RO         5787    i.USB_DevConnect    stm32f4xx_ll_usb.o
    0x0800de4c   0x0000001c   Code   RO         5788    i.USB_DevDisconnect  stm32f4xx_ll_usb.o
    0x0800de68   0x00000178   Code   RO         5789    i.USB_DevInit       stm32f4xx_ll_usb.o
    0x0800dfe0   0x0000000c   Code   RO         5790    i.USB_DisableGlobalInt  stm32f4xx_ll_usb.o
    0x0800dfec   0x0000012e   Code   RO         5793    i.USB_EP0StartXfer  stm32f4xx_ll_usb.o
    0x0800e11a   0x00000002   PAD
    0x0800e11c   0x00000060   Code   RO         5794    i.USB_EP0_OutStart  stm32f4xx_ll_usb.o
    0x0800e17c   0x00000058   Code   RO         5795    i.USB_EPClearStall  stm32f4xx_ll_usb.o
    0x0800e1d4   0x0000005e   Code   RO         5796    i.USB_EPSetStall    stm32f4xx_ll_usb.o
    0x0800e232   0x0000022c   Code   RO         5797    i.USB_EPStartXfer   stm32f4xx_ll_usb.o
    0x0800e45e   0x000000b4   Code   RO         5798    i.USB_EPStopXfer    stm32f4xx_ll_usb.o
    0x0800e512   0x0000000c   Code   RO         5799    i.USB_EnableGlobalInt  stm32f4xx_ll_usb.o
    0x0800e51e   0x00000002   PAD
    0x0800e520   0x0000004c   Code   RO         5800    i.USB_FlushRxFifo   stm32f4xx_ll_usb.o
    0x0800e56c   0x00000058   Code   RO         5801    i.USB_FlushTxFifo   stm32f4xx_ll_usb.o
    0x0800e5c4   0x00000020   Code   RO         5803    i.USB_GetDevSpeed   stm32f4xx_ll_usb.o
    0x0800e5e4   0x00000008   Code   RO         5805    i.USB_GetMode       stm32f4xx_ll_usb.o
    0x0800e5ec   0x0000000e   Code   RO         5812    i.USB_ReadDevAllInEpInterrupt  stm32f4xx_ll_usb.o
    0x0800e5fa   0x0000000e   Code   RO         5813    i.USB_ReadDevAllOutEpInterrupt  stm32f4xx_ll_usb.o
    0x0800e608   0x00000024   Code   RO         5814    i.USB_ReadDevInEPInterrupt  stm32f4xx_ll_usb.o
    0x0800e62c   0x00000010   Code   RO         5815    i.USB_ReadDevOutEPInterrupt  stm32f4xx_ll_usb.o
    0x0800e63c   0x00000008   Code   RO         5816    i.USB_ReadInterrupts  stm32f4xx_ll_usb.o
    0x0800e644   0x00000048   Code   RO         5817    i.USB_ReadPacket    stm32f4xx_ll_usb.o
    0x0800e68c   0x00000060   Code   RO         5819    i.USB_SetCurrentMode  stm32f4xx_ll_usb.o
    0x0800e6ec   0x00000022   Code   RO         5820    i.USB_SetDevAddress  stm32f4xx_ll_usb.o
    0x0800e70e   0x0000000e   Code   RO         5821    i.USB_SetDevSpeed   stm32f4xx_ll_usb.o
    0x0800e71c   0x000000f4   Code   RO         5822    i.USB_SetTurnaroundTime  stm32f4xx_ll_usb.o
    0x0800e810   0x00000034   Code   RO         5825    i.USB_WritePacket   stm32f4xx_ll_usb.o
    0x0800e844   0x00000004   Code   RO         1491    i.UsageFault_Handler  stm32f4xx_it.o
    0x0800e848   0x00000030   Code   RO        13243    i.__ARM_fpclassify  m_wm.l(fpclassify.o)
    0x0800e878   0x00000006   Code   RO         5074    i.__get_PRIMASK     fifo.o
    0x0800e87e   0x00000014   Code   RO        12900    i.__hardfp_fabs     m_wm.l(fabs.o)
    0x0800e892   0x00000006   PAD
    0x0800e898   0x000000d0   Code   RO        13376    i.__hardfp_ldexp    m_wm.l(ldexp.o)
    0x0800e968   0x00000038   Code   RO        12906    i.__hardfp_strtof   m_wm.l(strtof.o)
    0x0800e9a0   0x00000020   Code   RO        13398    i.__mathlib_dbl_overflow  m_wm.l(dunder.o)
    0x0800e9c0   0x00000020   Code   RO        13400    i.__mathlib_dbl_underflow  m_wm.l(dunder.o)
    0x0800e9e0   0x000000b8   Code   RO        13323    i.__mathlib_narrow  m_wm.l(narrow.o)
    0x0800ea98   0x00000006   Code   RO         5075    i.__set_PRIMASK     fifo.o
    0x0800ea9e   0x00000014   Code   RO        13378    i.__support_ldexp   m_wm.l(ldexp.o)
    0x0800eab2   0x0000000e   Code   RO        12808    i._is_digit         c_w.l(__printf_wp.o)
    0x0800eac0   0x00000068   Code   RO         2164    i.aRGB_led_show     bsp_led.o
    0x0800eb28   0x0000003c   Code   RO         1704    i.adcx_get_chx_value  bsp_adc.o
    0x0800eb64   0x00000104   Code   RO         3012    i.adjust_orientation  chassis_task.o
    0x0800ec68   0x0000004c   Code   RO         3013    i.adjust_pose       chassis_task.o
    0x0800ecb4   0x00000044   Code   RO         4075    i.battery_voltage_task  voltage_task.o
    0x0800ecf8   0x00000010   Code   RO         1861    i.buzzer_off        bsp_buzzer.o
    0x0800ed08   0x00000014   Code   RO         1862    i.buzzer_on         bsp_buzzer.o
    0x0800ed1c   0x0000007c   Code   RO         3973    i.buzzer_warn_error  test_task.o
    0x0800ed98   0x000000e8   Code   RO         4076    i.calc_battery_percentage  voltage_task.o
    0x0800ee80   0x00000194   Code   RO         3313    i.calc_gimbal_cali  gimbal_task.o
    0x0800f014   0x000000ec   Code   RO         2377    i.cali_data_read    calibrate_task.o
    0x0800f100   0x0000006c   Code   RO         2379    i.cali_gimbal_hook  calibrate_task.o
    0x0800f16c   0x00000064   Code   RO         2380    i.cali_gyro_hook    calibrate_task.o
    0x0800f1d0   0x00000046   Code   RO         2381    i.cali_head_hook    calibrate_task.o
    0x0800f216   0x00000002   PAD
    0x0800f218   0x000000b8   Code   RO         2382    i.cali_param_init   calibrate_task.o
    0x0800f2d0   0x0000005c   Code   RO         1895    i.can_filter_init   bsp_can.o
    0x0800f32c   0x000000b0   Code   RO         2750    i.chassis_behaviour_mode_set  chassis_behaviour.o
    0x0800f3dc   0x000001cc   Code   RO         3014    i.chassis_control_loop  chassis_task.o
    0x0800f5a8   0x00000164   Code   RO         3015    i.chassis_feedback_update  chassis_task.o
    0x0800f70c   0x000000d4   Code   RO         3016    i.chassis_init      chassis_task.o
    0x0800f7e0   0x000001dc   Code   RO         2970    i.chassis_power_control  chassis_power_control.o
    0x0800f9bc   0x00000154   Code   RO         3018    i.chassis_rc_to_control_vector  chassis_task.o
    0x0800fb10   0x00001758   Code   RO         3019    i.chassis_set_contorl  chassis_task.o
    0x08011268   0x00000012   Code   RO         3020    i.chassis_set_mode  chassis_task.o
    0x0801127a   0x00000002   PAD
    0x0801127c   0x00000074   Code   RO         3021    i.chassis_task      chassis_task.o
    0x080112f0   0x00000094   Code   RO         3022    i.chassis_vector_to_mecanum_wheel_speed  chassis_task.o
    0x08011384   0x0000004c   Code   RO         3024    i.check_stage_ok_catching_debug  chassis_task.o
    0x080113d0   0x00000118   Code   RO         3314    i.cmd_cali_gimbal_hook  gimbal_task.o
    0x080114e8   0x00000030   Code   RO         1964    i.delay_init        bsp_delay.o
    0x08011518   0x00000124   Code   RO         3170    i.detect_hook       detect_task.o
    0x0801163c   0x0000003a   Code   RO         5093    i.fifo_s_get        fifo.o
    0x08011676   0x00000016   Code   RO         5096    i.fifo_s_init       fifo.o
    0x0801168c   0x000000a0   Code   RO         5102    i.fifo_s_puts       fifo.o
    0x0801172c   0x00000006   Code   RO         5104    i.fifo_s_used       fifo.o
    0x08011732   0x00000054   Code   RO         4909    i.first_order_filter_cali  user_lib.o
    0x08011786   0x00000002   PAD
    0x08011788   0x00000024   Code   RO         4910    i.first_order_filter_init  user_lib.o
    0x080117ac   0x00000014   Code   RO         2006    i.flash_read        bsp_flash.o
    0x080117c0   0x0000002a   Code   RO         4911    i.fp32_constrain    user_lib.o
    0x080117ea   0x00000006   PAD
    0x080117f0   0x0000008c   Code   RO        13349    i.frexp             m_wm.l(frexp.o)
    0x0801187c   0x00000034   Code   RO         5015    i.get_CRC16_check_sum  crc8_crc16.o
    0x080118b0   0x00000024   Code   RO         5016    i.get_CRC8_check_sum  crc8_crc16.o
    0x080118d4   0x00000008   Code   RO         3475    i.get_INS_angle_point  ins_task.o
    0x080118dc   0x00000024   Code   RO         4077    i.get_battery_percentage  voltage_task.o
    0x08011900   0x00000048   Code   RO         1705    i.get_battery_voltage  bsp_adc.o
    0x08011948   0x000000d0   Code   RO         3026    i.get_chassis_current  chassis_task.o
    0x08011a18   0x00000018   Code   RO         2650    i.get_chassis_motor_measure_point  can_receive.o
    0x08011a30   0x0000001c   Code   RO         3670    i.get_chassis_power_and_buffer  referee.o
    0x08011a4c   0x00000008   Code   RO         3173    i.get_error_list_point  detect_task.o
    0x08011a54   0x00000008   Code   RO         3827    i.get_remote_control_point  remote_control.o
    0x08011a5c   0x0000000c   Code   RO         3671    i.get_robot_id      referee.o
    0x08011a68   0x0000005c   Code   RO         1707    i.get_temprate      bsp_adc.o
    0x08011ac4   0x00000054   Code   RO         3480    i.gyro_offset_calc  ins_task.o
    0x08011b18   0x000001a8   Code   RO         3482    i.imu_cmd_spi_dma   ins_task.o
    0x08011cc0   0x000000b8   Code   RO         3674    i.init_referee_struct_data  referee.o
    0x08011d78   0x00000040   Code   RO         1708    i.init_vrefint_reciprocal  bsp_adc.o
    0x08011db8   0x0000002e   Code   RO         3741    i.laser_data_solve  referee_usart_task.o
    0x08011de6   0x00000002   PAD
    0x08011de8   0x00000144   Code   RO         3742    i.laser_unpack_fifo_data  referee_usart_task.o
    0x08011f2c   0x000001b0   Code   RO         4121    i.led_RGB_flow_task  led_flow_task.o
    0x080120dc   0x00000060   Code   RO         4916    i.loop_fp32_constrain  user_lib.o
    0x0801213c   0x000000cc   Code   RO           16    i.main              main.o
    0x08012208   0x0000000c   Code   RO        11541    i.makeFreeRtosPriority  cmsis_os.o
    0x08012214   0x00000034   Code   RO         3335    i.motor_ecd_to_angle_change  gimbal_task.o
    0x08012248   0x0000001a   Code   RO         3028    i.my_abs            chassis_task.o
    0x08012262   0x00000002   PAD
    0x08012264   0x0000027c   Code   RO         3626    i.oled_task         oled_task.o
    0x080124e0   0x0000001c   Code   RO         4273    i.oled_write_byte   oled.o
    0x080124fc   0x00000010   Code   RO        11543    i.osDelay           cmsis_os.o
    0x0801250c   0x0000000a   Code   RO        11546    i.osKernelStart     cmsis_os.o
    0x08012516   0x0000005c   Code   RO        11580    i.osThreadCreate    cmsis_os.o
    0x08012572   0x00000002   PAD
    0x08012574   0x00000080   Code   RO        11009    i.prvAddCurrentTaskToDelayedList  tasks.o
    0x080125f4   0x00000088   Code   RO        11010    i.prvAddNewTaskToReadyList  tasks.o
    0x0801267c   0x0000005c   Code   RO        11373    i.prvCheckForValidListAndQueue  timers.o
    0x080126d8   0x00000040   Code   RO        11011    i.prvCheckTasksWaitingTermination  tasks.o
    0x08012718   0x00000024   Code   RO        10662    i.prvCopyDataFromQueue  queue.o
    0x0801273c   0x0000006e   Code   RO        10663    i.prvCopyDataToQueue  queue.o
    0x080127aa   0x00000040   Code   RO        11012    i.prvDeleteTCB      tasks.o
    0x080127ea   0x00000002   PAD
    0x080127ec   0x00000024   Code   RO        11374    i.prvGetNextExpireTime  timers.o
    0x08012810   0x00000050   Code   RO        11920    i.prvHeapInit       heap_4.o
    0x08012860   0x00000028   Code   RO        11013    i.prvIdleTask       tasks.o
    0x08012888   0x00000018   Code   RO        10666    i.prvInitialiseNewQueue  queue.o
    0x080128a0   0x00000098   Code   RO        11014    i.prvInitialiseNewTask  tasks.o
    0x08012938   0x00000060   Code   RO        11015    i.prvInitialiseTaskLists  tasks.o
    0x08012998   0x0000005c   Code   RO        11921    i.prvInsertBlockIntoFreeList  heap_4.o
    0x080129f4   0x00000048   Code   RO        11376    i.prvInsertTimerInActiveList  timers.o
    0x08012a3c   0x0000001a   Code   RO        10667    i.prvIsQueueEmpty   queue.o
    0x08012a56   0x0000001e   Code   RO        10668    i.prvIsQueueFull    queue.o
    0x08012a74   0x00000068   Code   RO        11377    i.prvProcessExpiredTimer  timers.o
    0x08012adc   0x00000110   Code   RO        11378    i.prvProcessReceivedCommands  timers.o
    0x08012bec   0x0000006c   Code   RO        11379    i.prvProcessTimerOrBlockTask  timers.o
    0x08012c58   0x00000024   Code   RO        11016    i.prvResetNextTaskUnblockTime  tasks.o
    0x08012c7c   0x0000002c   Code   RO        11380    i.prvSampleTimeNow  timers.o
    0x08012ca8   0x00000078   Code   RO        11381    i.prvSwitchTimerLists  timers.o
    0x08012d20   0x00000018   Code   RO        11018    i.prvTaskCheckFreeStackSpace  tasks.o
    0x08012d38   0x00000030   Code   RO        11977    i.prvTaskExitError  port.o
    0x08012d68   0x00000014   Code   RO        11382    i.prvTimerTask      timers.o
    0x08012d7c   0x00000068   Code   RO        10669    i.prvUnlockQueue    queue.o
    0x08012de4   0x000000e8   Code   RO        11922    i.pvPortMalloc      heap_4.o
    0x08012ecc   0x0000002c   Code   RO        11978    i.pxPortInitialiseStack  port.o
    0x08012ef8   0x00000038   Code   RO         3744    i.referee_usart_task  referee_usart_task.o
    0x08012f30   0x00000014   Code   RO         3828    i.remote_control_init  remote_control.o
    0x08012f44   0x000000da   Code   RO         3829    i.sbus_to_rc        remote_control.o
    0x0801301e   0x00000002   PAD
    0x08013020   0x00000018   Code   RO         4154    i.servo_task        servo_task.o
    0x08013038   0x00000020   Code   RO         3336    i.set_cali_gimbal_hook  gimbal_task.o
    0x08013058   0x0000008c   Code   RO         3974    i.test_task         test_task.o
    0x080130e4   0x00000018   Code   RO         3174    i.toe_is_error      detect_task.o
    0x080130fc   0x00000034   Code   RO         2653    i.uint_to_float     can_receive.o
    0x08013130   0x000000d4   Code   RO         3029    i.unpack_usart_laser_data  chassis_task.o
    0x08013204   0x00000138   Code   RO         2304    i.usart6_init       bsp_usart.o
    0x0801333c   0x000000fc   Code   RO         4009    i.usb_data_unpacket  usb_task.o
    0x08013438   0x00000028   Code   RO         4010    i.usb_receive_init  usb_task.o
    0x08013460   0x00000028   Code   RO         4011    i.usb_task          usb_task.o
    0x08013488   0x00000026   Code   RO        10622    i.uxListRemove      list.o
    0x080134ae   0x00000002   PAD
    0x080134b0   0x00000014   Code   RO        11024    i.uxTaskGetStackHighWaterMark  tasks.o
    0x080134c4   0x00000018   Code   RO          525    i.vApplicationGetIdleTaskMemory  freertos.o
    0x080134dc   0x00000018   Code   RO          526    i.vApplicationGetTimerTaskMemory  freertos.o
    0x080134f4   0x00000016   Code   RO        10623    i.vListInitialise   list.o
    0x0801350a   0x00000006   Code   RO        10624    i.vListInitialiseItem  list.o
    0x08013510   0x00000036   Code   RO        10625    i.vListInsert       list.o
    0x08013546   0x00000018   Code   RO        10626    i.vListInsertEnd    list.o
    0x0801355e   0x00000002   PAD
    0x08013560   0x00000040   Code   RO        11980    i.vPortEnterCritical  port.o
    0x080135a0   0x0000002c   Code   RO        11981    i.vPortExitCritical  port.o
    0x080135cc   0x00000064   Code   RO        11923    i.vPortFree         heap_4.o
    0x08013630   0x00000024   Code   RO        11982    i.vPortSetupTimerInterrupt  port.o
    0x08013654   0x00000054   Code   RO        11983    i.vPortValidateInterruptPriority  port.o
    0x080136a8   0x00000028   Code   RO        10673    i.vQueueAddToRegistry  queue.o
    0x080136d0   0x0000004a   Code   RO        10676    i.vQueueWaitForMessageRestricted  queue.o
    0x0801371a   0x00000002   PAD
    0x0801371c   0x00000050   Code   RO        11028    i.vTaskDelay        tasks.o
    0x0801376c   0x00000010   Code   RO        11032    i.vTaskInternalSetTimeOutState  tasks.o
    0x0801377c   0x0000000c   Code   RO        11033    i.vTaskMissedYield  tasks.o
    0x08013788   0x000000bc   Code   RO        11034    i.vTaskNotifyGiveFromISR  tasks.o
    0x08013844   0x00000034   Code   RO        11035    i.vTaskPlaceOnEventList  tasks.o
    0x08013878   0x0000003c   Code   RO        11036    i.vTaskPlaceOnEventListRestricted  tasks.o
    0x080138b4   0x00000090   Code   RO        11043    i.vTaskStartScheduler  tasks.o
    0x08013944   0x00000010   Code   RO        11045    i.vTaskSuspendAll   tasks.o
    0x08013954   0x00000060   Code   RO        11046    i.vTaskSwitchContext  tasks.o
    0x080139b4   0x00000040   Code   RO         5017    i.verify_CRC16_check_sum  crc8_crc16.o
    0x080139f4   0x0000002e   Code   RO         5018    i.verify_CRC8_check_sum  crc8_crc16.o
    0x08013a22   0x00000002   PAD
    0x08013a24   0x00000104   Code   RO        11984    i.xPortStartScheduler  port.o
    0x08013b28   0x00000070   Code   RO        10680    i.xQueueGenericCreateStatic  queue.o
    0x08013b98   0x00000090   Code   RO        10681    i.xQueueGenericReset  queue.o
    0x08013c28   0x00000170   Code   RO        10682    i.xQueueGenericSend  queue.o
    0x08013d98   0x000000be   Code   RO        10683    i.xQueueGenericSendFromISR  queue.o
    0x08013e56   0x00000002   PAD
    0x08013e58   0x00000148   Code   RO        10691    i.xQueueReceive     queue.o
    0x08013fa0   0x00000098   Code   RO        11049    i.xTaskCheckForTimeOut  tasks.o
    0x08014038   0x0000006c   Code   RO        11050    i.xTaskCreate       tasks.o
    0x080140a4   0x00000060   Code   RO        11051    i.xTaskCreateStatic  tasks.o
    0x08014104   0x0000001c   Code   RO        11056    i.xTaskGetSchedulerState  tasks.o
    0x08014120   0x0000000c   Code   RO        11057    i.xTaskGetTickCount  tasks.o
    0x0801412c   0x000000d4   Code   RO        11059    i.xTaskIncrementTick  tasks.o
    0x08014200   0x0000009c   Code   RO        11062    i.xTaskPriorityDisinherit  tasks.o
    0x0801429c   0x00000078   Code   RO        11064    i.xTaskRemoveFromEventList  tasks.o
    0x08014314   0x000000cc   Code   RO        11065    i.xTaskResumeAll    tasks.o
    0x080143e0   0x00000068   Code   RO        11389    i.xTimerCreateTimerTask  timers.o
    0x08014448   0x00000074   Code   RO        11390    i.xTimerGenericCommand  timers.o
    0x080144bc   0x00000070   Code   RO         3030    i.xmove_till_dis    chassis_task.o
    0x0801452c   0x00000070   Code   RO         3031    i.ymove_till_dis    chassis_task.o
    0x0801459c   0x0000002c   Code   RO        13222    locale$$code        c_w.l(lc_numeric_c.o)
    0x080145c8   0x0000002c   Code   RO        13289    locale$$code        c_w.l(lc_ctype_c.o)
    0x080145f4   0x000002c4   Code   RO        12838    x$fpl$d2f           g_wm.l(d2f_clz.o)
    0x080148b8   0x0000024c   Code   RO        12840    x$fpl$dadd          g_wm.l(daddsub_clz.o)
    0x08014b04   0x0000001c   Code   RO        13409    x$fpl$dcheck1       g_wm.l(dcheck1.o)
    0x08014b20   0x00000018   Code   RO        13089    x$fpl$dcmpinf       g_wm.l(dcmpi.o)
    0x08014b38   0x00000074   Code   RO        13345    x$fpl$deqf          g_wm.l(deqf.o)
    0x08014bac   0x000000dc   Code   RO        12846    x$fpl$dfixu         g_wm.l(dfixu.o)
    0x08014c88   0x0000002e   Code   RO        12851    x$fpl$dflt          g_wm.l(dflt_clz.o)
    0x08014cb6   0x0000001a   Code   RO        12852    x$fpl$dfltn         g_wm.l(dflt_clz.o)
    0x08014cd0   0x00000078   Code   RO        12856    x$fpl$dleqf         g_wm.l(dleqf.o)
    0x08014d48   0x000001c0   Code   RO        13374    x$fpl$dmul          g_wm.l(dmul_clz.o)
    0x08014f08   0x00000102   Code   RO        13091    x$fpl$dnaninf       g_wm.l(dnaninf.o)
    0x0801500a   0x00000070   Code   RO        13233    x$fpl$drenorm       g_wm.l(drenorm_clz.o)
    0x0801507a   0x0000000c   Code   RO        13093    x$fpl$dretinf       g_wm.l(dretinf.o)
    0x08015086   0x00000062   Code   RO        12858    x$fpl$drleqf        g_wm.l(drleqf.o)
    0x080150e8   0x0000029c   Code   RO        12842    x$fpl$dsub          g_wm.l(daddsub_clz.o)
    0x08015384   0x0000017a   Code   RO        13095    x$fpl$dunder        g_wm.l(dunder_clz.o)
    0x080154fe   0x00000002   PAD
    0x08015500   0x000001ec   Code   RO        13097    x$fpl$exception     g_wm.l(except.o)
    0x080156ec   0x0000007a   Code   RO        12860    x$fpl$f2d           g_wm.l(f2d.o)
    0x08015766   0x000000f2   Code   RO        13099    x$fpl$fnaninf       g_wm.l(fnaninf.o)
    0x08015858   0x0000000a   Code   RO        13235    x$fpl$fpinit        g_wm.l(fpinit.o)
    0x08015862   0x0000000a   Code   RO        13101    x$fpl$fretinf       g_wm.l(fretinf.o)
    0x0801586c   0x0000013c   Code   RO        13103    x$fpl$funder        g_wm.l(funder_clz.o)
    0x080159a8   0x00000020   Code   RO        13237    x$fpl$ieeestatus    g_wm.l(istatus.o)
    0x080159c8   0x00000004   Code   RO        12862    x$fpl$printf1       g_wm.l(printf1.o)
    0x080159cc   0x00000004   Code   RO        13105    x$fpl$printf2       g_wm.l(printf2.o)
    0x080159d0   0x000000b2   Code   RO        13239    x$fpl$retnan        g_wm.l(retnan.o)
    0x08015a82   0x00000002   PAD
    0x08015a84   0x00000114   Code   RO        13392    x$fpl$scalbn        g_wm.l(scalbn_clz.o)
    0x08015b98   0x00000004   Code   RO        13241    x$fpl$scanf1        g_wm.l(scanf1.o)
    0x08015b9c   0x00000008   Code   RO        13316    x$fpl$scanf2        g_wm.l(scanf2.o)
    0x08015ba4   0x0000007e   Code   RO        13111    x$fpl$trapveneer    g_wm.l(trapv.o)
    0x08015c22   0x00000000   Code   RO        13113    x$fpl$usenofp       g_wm.l(usenofp.o)
    0x08015c22   0x00000002   PAD
    0x08015c24   0x000000e0   Data   RO          528    .constdata          freertos.o
    0x08015d04   0x00000018   Data   RO         1669    .constdata          system_stm32f4xx.o
    0x08015d1c   0x00000020   Data   RO         3033    .constdata          chassis_task.o
    0x08015d3c   0x00001164   Data   RO         3627    .constdata          oled_task.o
    0x08016ea0   0x0000115c   Data   RO         4275    .constdata          oled.o
    0x08017ffc   0x00000502   Data   RO         5019    .constdata          crc8_crc16.o
    0x080184fe   0x00000008   Data   RO         6607    .constdata          stm32f4xx_hal_dma.o
    0x08018506   0x00000011   Data   RO        12816    .constdata          c_w.l(__printf_flags_ss_wp.o)
    0x08018517   0x00000001   PAD
    0x08018518   0x00000008   Data   RO        12987    .constdata          c_w.l(_printf_wctomb.o)
    0x08018520   0x00000028   Data   RO        13016    .constdata          c_w.l(_printf_hex_int_ll_ptr.o)
    0x08018548   0x00000026   Data   RO        13182    .constdata          c_w.l(_printf_fp_hex.o)
    0x0801856e   0x00000002   PAD
    0x08018570   0x00000094   Data   RO        13195    .constdata          c_w.l(bigflt0.o)
    0x08018604   0x00000045   Data   RO          529    .conststring        freertos.o
    0x08018649   0x00000003   PAD
    0x0801864c   0x00000020   Data   RO        13415    Region$$Table       anon$$obj.o
    0x0801866c   0x00000008   Data   RO        13313    c$$dinf             g_wm.l(fpconst.o)
    0x08018674   0x0000001c   Data   RO        13221    locale$$data        c_w.l(lc_numeric_c.o)
    0x08018690   0x00000110   Data   RO        13288    locale$$data        c_w.l(lc_ctype_c.o)


    Execution Region RW_IRAM1 (Base: 0x20000000, Size: 0x0000ed00, Max: 0x00020000, ABSOLUTE, COMPRESSED[0x00000180])

    Base Addr    Size         Type   Attr      Idx    E Section Name        Object

    0x20000000   0x00000034   Data   RW          530    .data               freertos.o
    0x20000034   0x00000004   Data   RW          638    .data               can.o
    0x20000038   0x00000008   Data   RW          685    .data               crc.o
    0x20000040   0x0000004e   Data   RW         1337    .data               usbd_desc.o
    0x2000008e   0x00000002   PAD
    0x20000090   0x00000014   Data   RW         1424    .data               usbd_cdc_if.o
    0x200000a4   0x00000004   Data   RW         1670    .data               system_stm32f4xx.o
    0x200000a8   0x00000004   Data   RW         1710    .data               bsp_adc.o
    0x200000ac   0x00000008   Data   RW         1967    .data               bsp_delay.o
    0x200000b4   0x00000008   Data   RW         2165    .data               bsp_led.o
    0x200000bc   0x00000054   Data   RW         2388    .data               calibrate_task.o
    0x20000110   0x00000022   Data   RW         2655    .data               can_receive.o
    0x20000132   0x00000002   PAD
    0x20000134   0x00000004   Data   RW         2971    .data               chassis_power_control.o
    0x20000138   0x000000e0   Data   RW         3034    .data               chassis_task.o
    0x20000218   0x000000a0   Data   RW         3486    .data               ins_task.o
    0x200002b8   0x0000001c   Data   RW         3628    .data               oled_task.o
    0x200002d4   0x00000026   Data   RW         3677    .data               referee.o
    0x200002fa   0x00000002   PAD
    0x200002fc   0x00000016   Data   RW         3746    .data               referee_usart_task.o
    0x20000312   0x00000003   Data   RW         3834    .data               remote_control.o
    0x20000315   0x00000003   PAD
    0x20000318   0x0000000a   Data   RW         3975    .data               test_task.o
    0x20000322   0x00000002   PAD
    0x20000324   0x00000008   Data   RW         4013    .data               usb_task.o
    0x2000032c   0x00000008   Data   RW         4078    .data               voltage_task.o
    0x20000334   0x0000001c   Data   RW         4122    .data               led_flow_task.o
    0x20000350   0x0000000c   Data   RW         4156    .data               servo_task.o
    0x2000035c   0x00000008   Data   RW         4276    .data               oled.o
    0x20000364   0x00000002   Data   RW         5020    .data               crc8_crc16.o
    0x20000366   0x00000002   PAD
    0x20000368   0x0000000c   Data   RW         7029    .data               stm32f4xx_hal.o
    0x20000374   0x0000003c   Data   RW        11068    .data               tasks.o
    0x200003b0   0x00000014   Data   RW        11398    .data               timers.o
    0x200003c4   0x00000020   Data   RW        11929    .data               heap_4.o
    0x200003e4   0x0000000c   Data   RW        11985    .data               port.o
    0x200003f0   0x00000001   Data   RW        12231    .data               usbd_ctlreq.o
    0x200003f1   0x00000003   PAD
    0x200003f4   0x00000053   Data   RW        12390    .data               usbd_cdc.o
    0x20000447   0x00000001   PAD
    0x20000448   0x00000038   Data   RW        12391    .data               usbd_cdc.o
    0x20000480   0x000006a8   Zero   RW          527    .bss                freertos.o
    0x20000b28   0x00000090   Zero   RW          589    .bss                adc.o
    0x20000bb8   0x00000050   Zero   RW          637    .bss                can.o
    0x20000c08   0x000000a8   Zero   RW          755    .bss                i2c.o
    0x20000cb0   0x00000010   Zero   RW          802    .bss                rng.o
    0x20000cc0   0x00000020   Zero   RW          844    .bss                rtc.o
    0x20000ce0   0x00000118   Zero   RW          886    .bss                spi.o
    0x20000df8   0x000001f8   Zero   RW          935    .bss                tim.o
    0x20000ff0   0x0000024c   Zero   RW         1014    .bss                usart.o
    0x2000123c   0x000002dc   Zero   RW         1064    .bss                usb_device.o
    0x20001518   0x0000072c   Zero   RW         1151    .bss                usbd_conf.o
    0x20001c44   0x00000200   Zero   RW         1336    .bss                usbd_desc.o
    0x20001e44   0x00001000   Zero   RW         1423    .bss                usbd_cdc_if.o
    0x20002e44   0x00000048   Zero   RW         1631    .bss                stm32f4xx_hal_timebase_tim.o
    0x20002e8c   0x00000010   Zero   RW         1709    .bss                bsp_adc.o
    0x20002e9c   0x00000115   Zero   RW         2386    .bss                calibrate_task.o
    0x20002fb1   0x00000003   PAD
    0x20002fb4   0x000001a0   Zero   RW         2654    .bss                can_receive.o
    0x20003154   0x0000026c   Zero   RW         3032    .bss                chassis_task.o
    0x200033c0   0x0000021c   Zero   RW         3175    .bss                detect_task.o
    0x200035dc   0x000003d0   Zero   RW         3337    .bss                gimbal_task.o
    0x200039ac   0x00000134   Zero   RW         3484    .bss                ins_task.o
    0x20003ae0   0x00000055   Zero   RW         3676    .bss                referee.o
    0x20003b35   0x00000003   PAD
    0x20003b38   0x000009e8   Zero   RW         3745    .bss                referee_usart_task.o
    0x20004520   0x00000072   Zero   RW         3833    .bss                remote_control.o
    0x20004592   0x000000b1   Zero   RW         4012    .bss                usb_task.o
    0x20004643   0x00000417   Zero   RW         4274    .bss                oled.o
    0x20004a5a   0x00000002   PAD
    0x20004a5c   0x00000040   Zero   RW        10694    .bss                queue.o
    0x20004a9c   0x000000f0   Zero   RW        11067    .bss                tasks.o
    0x20004b8c   0x00000110   Zero   RW        11397    .bss                timers.o
    0x20004c9c   0x00006000   Zero   RW        11928    .bss                heap_4.o
    0x2000ac9c   0x00000060   Zero   RW        13136    .bss                c_w.l(libspace.o)
    0x2000acfc   0x00000004   PAD
    0x2000ad00   0x00002000   Zero   RW            2    HEAP                startup_stm32f407xx.o
    0x2000cd00   0x00002000   Zero   RW            1    STACK               startup_stm32f407xx.o


==============================================================================

Image component sizes


      Code (inc. data)   RO Data    RW Data    ZI Data      Debug   Object Name

       396         42          0          0        144       2278   adc.o
       288         44          0          4         16     610452   bsp_adc.o
        36         10          0          0          0        969   bsp_buzzer.o
        92          8          0          0          0        578   bsp_can.o
        48         16          0          8          0        641   bsp_delay.o
        20          0          0          0          0        961   bsp_flash.o
       104         22          0          8          0        580   bsp_led.o
       260         28          0          0          0       1931   bsp_rc.o
     10044        146          0          0          0       4922   bsp_spi.o
       312         26          0          0          0       1187   bsp_usart.o
       698         30          0         84        277     621072   calibrate_task.o
       488         44          0          4         80       2346   can.o
      1208         68          0         34        416       6485   can_receive.o
       176          6          0          0          0     608537   chassis_behaviour.o
       476         42          0          4          0       2090   chassis_power_control.o
      8844        916         32        224        620      23084   chassis_task.o
       130          0          0          0          0      22831   cmsis_os.o
        84         18          0          8          0       1427   crc.o
       198         16       1282          2          0       3724   crc8_crc16.o
         0          0          0          0          0       5168   croutine.o
       324         12          0          0        540       2271   detect_task.o
       168          6          0          0          0        806   dma.o
         0          0          0          0          0      22116   event_groups.o
       258          0          0          0          0      10047   fifo.o
       284         56        293         52       1704       3769   freertos.o
         0          0          0          0          0       1272   gimbal_behaviour.o
       768         24          0          0        976       9738   gimbal_task.o
       756         32          0          0          0     748739   gpio.o
       504         32          0         32      24576       4971   heap_4.o
       432         48          0          0        168       2286   i2c.o
      3096        170          0        160        308      17215   ins_task.o
       432         10          0         28          0       1629   led_flow_task.o
       144          0          0          0          0       3534   list.o
       410         44          0          0          0     721042   main.o
      1002         42       4444          8       1047      11039   oled.o
       636         62       4452         28          0       3100   oled_task.o
       592          8          0          0          0       2642   pid.o
       814         92          0         12          0      11897   port.o
      1586         24          0          0         64      17508   queue.o
       224         82          0         38         85       8292   referee.o
       722         54          0         22       2536       9931   referee_usart_task.o
       550         36          0          3        114       3648   remote_control.o
        84         18          0          0         16       1427   rng.o
       116         22          0          0         32       1467   rtc.o
        24          6          0         12          0       1534   servo_task.o
       416         38          0          0        280       1863   spi.o
        64         26        392          0      16384        836   startup_stm32f407xx.o
       120         20          0         12          0       8650   stm32f4xx_hal.o
      1262         42          0          0          0       5262   stm32f4xx_hal_adc.o
      2004          6          0          0          0      14811   stm32f4xx_hal_can.o
       168         12          0          0          0      32810   stm32f4xx_hal_cortex.o
        36          0          0          0          0       1039   stm32f4xx_hal_crc.o
      1104         18          8          0          0       5763   stm32f4xx_hal_dma.o
       594         24          0          0          0       2955   stm32f4xx_hal_gpio.o
       428         18          0          0          0       2103   stm32f4xx_hal_i2c.o
        84          6          0          0          0        818   stm32f4xx_hal_msp.o
      2836         12          0          0          0      14356   stm32f4xx_hal_pcd.o
        84          0          0          0          0       2525   stm32f4xx_hal_pcd_ex.o
      1782        112          0          0          0       7109   stm32f4xx_hal_rcc.o
       380         34          0          0          0       1508   stm32f4xx_hal_rcc_ex.o
        52          0          0          0          0       1071   stm32f4xx_hal_rng.o
       324          0          0          0          0       3327   stm32f4xx_hal_rtc.o
       190          0          0          0          0       1187   stm32f4xx_hal_spi.o
      2412         56          0          0          0      18164   stm32f4xx_hal_tim.o
       260          0          0          0          0       3405   stm32f4xx_hal_tim_ex.o
       180         20          0          0         72       1419   stm32f4xx_hal_timebase_tim.o
      1486          8          0          0          0      10444   stm32f4xx_hal_uart.o
       188         48          0          0          0       8467   stm32f4xx_it.o
      3186        100          0          0          0      24547   stm32f4xx_ll_usb.o
       100         18         24          4          0       1131   system_stm32f4xx.o
      2512        214          0         60        240      30373   tasks.o
       264         30          0         10          0       1964   test_task.o
      2284        182          0          0        504       7374   tim.o
      1088         94          0         20        272      30699   timers.o
       944         90          0          0        588       3344   usart.o
        76         16          0          0        732       8303   usb_device.o
       356         24          0          8        177       3248   usb_task.o
      1362         36          0        139          0      13731   usbd_cdc.o
       156         16          0         20       4096       3350   usbd_cdc_if.o
      1004         24          0          0       1836      16592   usbd_conf.o
      1042          0          0          0          0      16197   usbd_core.o
      1908         28          0          1          0      17860   usbd_ctlreq.o
       386        122          0         78        512       6525   usbd_desc.o
       132          0          0          0          0       4464   usbd_ioreq.o
       258          4          0          0          0       3727   user_lib.o
       348         76          0          8          0       2527   voltage_task.o

    ----------------------------------------------------------------------
     71772       3936      10962       1152      59420    3889031   Object Totals
         0          0         32          0          0          0   (incl. Generated)
        84          0          3         17          8          0   (incl. Padding)

    ----------------------------------------------------------------------

      Code (inc. data)   RO Data    RW Data    ZI Data      Debug   Library Member Name

        44          6          0          0          0         84   __2sprintf.o
        90          0          0          0          0          0   __dczerorl2.o
         8          0          0          0          0         68   __main.o
       392          4         17          0          0         92   __printf_flags_ss_wp.o
        14          0          0          0          0         68   __printf_wp.o
         0          0          0          0          0          0   __rtentry.o
        12          0          0          0          0          0   __rtentry2.o
         6          0          0          0          0          0   __rtentry4.o
        52          8          0          0          0          0   __scatter.o
        28          0          0          0          0          0   __scatter_zi.o
        28          0          0          0          0         68   _chval.o
        48          4          0          0          0         84   _fptrap.o
         6          0          0          0          0          0   _printf_a.o
         6          0          0          0          0          0   _printf_c.o
        44          0          0          0          0        108   _printf_char.o
        48          6          0          0          0         96   _printf_char_common.o
        40          0          0          0          0         68   _printf_charcount.o
         6          0          0          0          0          0   _printf_d.o
       120         16          0          0          0         92   _printf_dec.o
         6          0          0          0          0          0   _printf_e.o
         6          0          0          0          0          0   _printf_f.o
      1050          0          0          0          0        216   _printf_fp_dec.o
       764          8         38          0          0        100   _printf_fp_hex.o
       128         16          0          0          0         84   _printf_fp_infnan.o
         6          0          0          0          0          0   _printf_g.o
       148          4         40          0          0        160   _printf_hex_int_ll_ptr.o
         6          0          0          0          0          0   _printf_i.o
       178          0          0          0          0         88   _printf_intcommon.o
        10          0          0          0          0          0   _printf_l.o
         6          0          0          0          0          0   _printf_lc.o
        10          0          0          0          0          0   _printf_ll.o
         6          0          0          0          0          0   _printf_lld.o
         6          0          0          0          0          0   _printf_lli.o
         6          0          0          0          0          0   _printf_llo.o
         6          0          0          0          0          0   _printf_llu.o
         6          0          0          0          0          0   _printf_llx.o
       124         16          0          0          0         92   _printf_longlong_dec.o
         6          0          0          0          0          0   _printf_ls.o
         6          0          0          0          0          0   _printf_n.o
         6          0          0          0          0          0   _printf_o.o
       112         10          0          0          0        124   _printf_oct_int_ll.o
         6          0          0          0          0          0   _printf_p.o
        78          0          0          0          0        108   _printf_pad.o
         0          0          0          0          0          0   _printf_percent.o
         4          0          0          0          0          0   _printf_percent_end.o
         6          0          0          0          0          0   _printf_s.o
        82          0          0          0          0         80   _printf_str.o
        36          0          0          0          0         84   _printf_truncate.o
         6          0          0          0          0          0   _printf_u.o
        44          0          0          0          0        108   _printf_wchar.o
       188          6          8          0          0         92   _printf_wctomb.o
         6          0          0          0          0          0   _printf_x.o
        22          0          0          0          0        100   _rserrno.o
        64          0          0          0          0         84   _sgetc.o
        10          0          0          0          0         68   _sputc.o
        64          0          0          0          0         92   _wcrtomb.o
        16          0          0          0          0         68   aeabi_memset.o
       220          4        148          0          0         96   bigflt0.o
      2074        132          0          0          0        940   btod.o
        10          0          0          0          0         68   defsig_exit.o
       172        110          0          0          0         76   defsig_fpe_inner.o
        14          0          0          0          0         80   defsig_fpe_outer.o
        50          0          0          0          0         88   defsig_general.o
        18          0          0          0          0         80   exit.o
         6          0          0          0          0        152   heapauxi.o
         0          0          0          0          0          0   indicate_semi.o
        18          0          0          0          0         76   isspace.o
        44         10        272          0          0         76   lc_ctype_c.o
        44         10         28          0          0         76   lc_numeric_c.o
         2          0          0          0          0          0   libinit.o
        34          0          0          0          0          0   libinit2.o
         2          0          0          0          0          0   libshutdown.o
         2          0          0          0          0          0   libshutdown2.o
         8          4          0          0         96         68   libspace.o
        38          0          0          0          0         68   llshl.o
       138          0          0          0          0         80   lludiv10.o
       238          0          0          0          0        100   lludivv7m.o
        16          4          0          0          0         76   rt_ctype_table.o
         8          4          0          0          0         68   rt_errno_addr_intlibspace.o
         8          4          0          0          0         68   rt_locale_intlibspace.o
        68          0          0          0          0         68   rt_memclr.o
        78          0          0          0          0         80   rt_memclr_w.o
       138          0          0          0          0         68   rt_memcpy_v6.o
       100          0          0          0          0         80   rt_memcpy_w.o
         2          0          0          0          0          0   rtexit.o
        10          0          0          0          0          0   rtexit2.o
      1188         12          0          0          0        148   scanf_fp.o
       800         14          0          0          0        100   scanf_hexfp.o
       308         16          0          0          0        100   scanf_infnan.o
       128          0          0          0          0         68   strcmpv7m.o
       164         14          0          0          0        120   strtod.o
        12          4          0          0          0         68   sys_exit.o
        74          0          0          0          0         80   sys_stackheap_outer.o
        14          0          0          0          0         76   sys_wrch.o
         2          0          0          0          0         68   use_no_semi.o
        36          4          0          0          0         76   vsprintf.o
       708         16          0          0          0        140   d2f_clz.o
      1256         28          0          0          0        408   daddsub_clz.o
        28          0          0          0          0        116   dcheck1.o
        24          0          0          0          0        116   dcmpi.o
       116          8          0          0          0        140   deqf.o
       220         16          0          0          0        192   dfixu.o
        72          0          0          0          0        232   dflt_clz.o
       120          8          0          0          0        140   dleqf.o
       448         16          0          0          0        164   dmul_clz.o
       258          4          0          0          0        156   dnaninf.o
       112          0          0          0          0        160   drenorm_clz.o
        12          0          0          0          0        116   dretinf.o
        98          0          0          0          0        128   drleqf.o
       378          0          0          0          0        168   dunder_clz.o
       492         36          0          0          0        148   except.o
       122          8          0          0          0        132   f2d.o
       242          4          0          0          0        144   fnaninf.o
         0          0          8          0          0          0   fpconst.o
        10          0          0          0          0        116   fpinit.o
        10          0          0          0          0        116   fretinf.o
       316          0          0          0          0        132   funder_clz.o
        32          4          0          0          0        116   istatus.o
         4          0          0          0          0        116   printf1.o
         4          0          0          0          0        116   printf2.o
       178          0          0          0          0        116   retnan.o
       276          4          0          0          0        124   scalbn_clz.o
         4          0          0          0          0        116   scanf1.o
         8          0          0          0          0        132   scanf2.o
       126          0          0          0          0        148   trapv.o
         0          0          0          0          0          0   usenofp.o
        64         16          0          0          0        248   dunder.o
        20          0          0          0          0        124   fabs.o
        48          0          0          0          0        124   fpclassify.o
       140         22          0          0          0        132   frexp.o
       228          8          0          0          0        308   ldexp.o
       184         18          0          0          0        152   narrow.o
        56         14          0          0          0        128   strtof.o

    ----------------------------------------------------------------------
     16960        682        562          0        100      11476   Library Totals
        34          2          3          0          4          0   (incl. Padding)

    ----------------------------------------------------------------------

      Code (inc. data)   RO Data    RW Data    ZI Data      Debug   Library Name

     10512        450        551          0         96       6112   c_w.l
      5674        152          8          0          0       4148   g_wm.l
       740         78          0          0          0       1216   m_wm.l

    ----------------------------------------------------------------------
     16960        682        562          0        100      11476   Library Totals

    ----------------------------------------------------------------------

==============================================================================


      Code (inc. data)   RO Data    RW Data    ZI Data      Debug   

     88732       4618      11524       1152      59520    3845975   Grand Totals
     88732       4618      11524        384      59520    3845975   ELF Image Totals (compressed)
     88732       4618      11524        384          0          0   ROM Totals

==============================================================================

    Total RO  Size (Code + RO Data)               100256 (  97.91kB)
    Total RW  Size (RW Data + ZI Data)             60672 (  59.25kB)
    Total ROM Size (Code + RO Data + RW Data)     100640 (  98.28kB)

==============================================================================

